Archive member included to satisfy reference by file (symbol)

c:/program files (x86)/atmel/studio/7.0/toolchain/avr8/avr8-gnu-toolchain/bin/../lib/gcc/avr/5.4.0/../../../../avr/lib/avr5\libm.a(addsf3.o)
                              HAL/LCD/LCD_Prog.o (__subsf3)
c:/program files (x86)/atmel/studio/7.0/toolchain/avr8/avr8-gnu-toolchain/bin/../lib/gcc/avr/5.4.0/../../../../avr/lib/avr5\libm.a(addsf3x.o)
                              c:/program files (x86)/atmel/studio/7.0/toolchain/avr8/avr8-gnu-toolchain/bin/../lib/gcc/avr/5.4.0/../../../../avr/lib/avr5\libm.a(addsf3.o) (__addsf3x)
c:/program files (x86)/atmel/studio/7.0/toolchain/avr8/avr8-gnu-toolchain/bin/../lib/gcc/avr/5.4.0/../../../../avr/lib/avr5\libm.a(cmpsf2.o)
                              HAL/LCD/LCD_Prog.o (__nesf2)
c:/program files (x86)/atmel/studio/7.0/toolchain/avr8/avr8-gnu-toolchain/bin/../lib/gcc/avr/5.4.0/../../../../avr/lib/avr5\libm.a(divsf3.o)
                              APP/SmartHome_V1/SmartHome_Prog.o (__divsf3)
c:/program files (x86)/atmel/studio/7.0/toolchain/avr8/avr8-gnu-toolchain/bin/../lib/gcc/avr/5.4.0/../../../../avr/lib/avr5\libm.a(divsf3x.o)
                              c:/program files (x86)/atmel/studio/7.0/toolchain/avr8/avr8-gnu-toolchain/bin/../lib/gcc/avr/5.4.0/../../../../avr/lib/avr5\libm.a(divsf3.o) (__divsf3x)
c:/program files (x86)/atmel/studio/7.0/toolchain/avr8/avr8-gnu-toolchain/bin/../lib/gcc/avr/5.4.0/../../../../avr/lib/avr5\libm.a(fixsfsi.o)
                              HAL/LCD/LCD_Prog.o (__fixsfsi)
c:/program files (x86)/atmel/studio/7.0/toolchain/avr8/avr8-gnu-toolchain/bin/../lib/gcc/avr/5.4.0/../../../../avr/lib/avr5\libm.a(fixunssfsi.o)
                              APP/SmartHome_V1/SmartHome_Prog.o (__fixunssfsi)
c:/program files (x86)/atmel/studio/7.0/toolchain/avr8/avr8-gnu-toolchain/bin/../lib/gcc/avr/5.4.0/../../../../avr/lib/avr5\libm.a(floatsisf.o)
                              APP/SmartHome_V1/SmartHome_Prog.o (__floatunsisf)
c:/program files (x86)/atmel/studio/7.0/toolchain/avr8/avr8-gnu-toolchain/bin/../lib/gcc/avr/5.4.0/../../../../avr/lib/avr5\libm.a(fp_cmp.o)
                              c:/program files (x86)/atmel/studio/7.0/toolchain/avr8/avr8-gnu-toolchain/bin/../lib/gcc/avr/5.4.0/../../../../avr/lib/avr5\libm.a(cmpsf2.o) (__fp_cmp)
c:/program files (x86)/atmel/studio/7.0/toolchain/avr8/avr8-gnu-toolchain/bin/../lib/gcc/avr/5.4.0/../../../../avr/lib/avr5\libm.a(fp_inf.o)
                              c:/program files (x86)/atmel/studio/7.0/toolchain/avr8/avr8-gnu-toolchain/bin/../lib/gcc/avr/5.4.0/../../../../avr/lib/avr5\libm.a(addsf3x.o) (__fp_inf)
c:/program files (x86)/atmel/studio/7.0/toolchain/avr8/avr8-gnu-toolchain/bin/../lib/gcc/avr/5.4.0/../../../../avr/lib/avr5\libm.a(fp_nan.o)
                              c:/program files (x86)/atmel/studio/7.0/toolchain/avr8/avr8-gnu-toolchain/bin/../lib/gcc/avr/5.4.0/../../../../avr/lib/avr5\libm.a(addsf3x.o) (__fp_nan)
c:/program files (x86)/atmel/studio/7.0/toolchain/avr8/avr8-gnu-toolchain/bin/../lib/gcc/avr/5.4.0/../../../../avr/lib/avr5\libm.a(fp_pscA.o)
                              c:/program files (x86)/atmel/studio/7.0/toolchain/avr8/avr8-gnu-toolchain/bin/../lib/gcc/avr/5.4.0/../../../../avr/lib/avr5\libm.a(addsf3x.o) (__fp_pscA)
c:/program files (x86)/atmel/studio/7.0/toolchain/avr8/avr8-gnu-toolchain/bin/../lib/gcc/avr/5.4.0/../../../../avr/lib/avr5\libm.a(fp_pscB.o)
                              c:/program files (x86)/atmel/studio/7.0/toolchain/avr8/avr8-gnu-toolchain/bin/../lib/gcc/avr/5.4.0/../../../../avr/lib/avr5\libm.a(addsf3x.o) (__fp_pscB)
c:/program files (x86)/atmel/studio/7.0/toolchain/avr8/avr8-gnu-toolchain/bin/../lib/gcc/avr/5.4.0/../../../../avr/lib/avr5\libm.a(fp_round.o)
                              c:/program files (x86)/atmel/studio/7.0/toolchain/avr8/avr8-gnu-toolchain/bin/../lib/gcc/avr/5.4.0/../../../../avr/lib/avr5\libm.a(addsf3.o) (__fp_round)
c:/program files (x86)/atmel/studio/7.0/toolchain/avr8/avr8-gnu-toolchain/bin/../lib/gcc/avr/5.4.0/../../../../avr/lib/avr5\libm.a(fp_split3.o)
                              c:/program files (x86)/atmel/studio/7.0/toolchain/avr8/avr8-gnu-toolchain/bin/../lib/gcc/avr/5.4.0/../../../../avr/lib/avr5\libm.a(addsf3x.o) (__fp_split3)
c:/program files (x86)/atmel/studio/7.0/toolchain/avr8/avr8-gnu-toolchain/bin/../lib/gcc/avr/5.4.0/../../../../avr/lib/avr5\libm.a(fp_zero.o)
                              c:/program files (x86)/atmel/studio/7.0/toolchain/avr8/avr8-gnu-toolchain/bin/../lib/gcc/avr/5.4.0/../../../../avr/lib/avr5\libm.a(addsf3x.o) (__fp_zero)
c:/program files (x86)/atmel/studio/7.0/toolchain/avr8/avr8-gnu-toolchain/bin/../lib/gcc/avr/5.4.0/../../../../avr/lib/avr5\libm.a(mulsf3.o)
                              APP/SmartHome_V1/SmartHome_Prog.o (__mulsf3)
c:/program files (x86)/atmel/studio/7.0/toolchain/avr8/avr8-gnu-toolchain/bin/../lib/gcc/avr/5.4.0/../../../../avr/lib/avr5\libm.a(mulsf3x.o)
                              c:/program files (x86)/atmel/studio/7.0/toolchain/avr8/avr8-gnu-toolchain/bin/../lib/gcc/avr/5.4.0/../../../../avr/lib/avr5\libm.a(mulsf3.o) (__mulsf3x)
c:/program files (x86)/atmel/studio/7.0/toolchain/avr8/avr8-gnu-toolchain/bin/../lib/gcc/avr/5.4.0/avr5\libgcc.a(_mulsi3.o)
                              APP/Calculator/Calculator_Prog.o (__mulsi3)
c:/program files (x86)/atmel/studio/7.0/toolchain/avr8/avr8-gnu-toolchain/bin/../lib/gcc/avr/5.4.0/avr5\libgcc.a(_udivmodsi4.o)
                              HAL/LCD/LCD_Prog.o (__udivmodsi4)
c:/program files (x86)/atmel/studio/7.0/toolchain/avr8/avr8-gnu-toolchain/bin/../lib/gcc/avr/5.4.0/avr5\libgcc.a(_divmodsi4.o)
                              APP/Calculator/Calculator_Prog.o (__divmodsi4)
c:/program files (x86)/atmel/studio/7.0/toolchain/avr8/avr8-gnu-toolchain/bin/../lib/gcc/avr/5.4.0/avr5\libgcc.a(_negsi2.o)
                              c:/program files (x86)/atmel/studio/7.0/toolchain/avr8/avr8-gnu-toolchain/bin/../lib/gcc/avr/5.4.0/avr5\libgcc.a(_divmodsi4.o) (__negsi2)
c:/program files (x86)/atmel/studio/7.0/toolchain/avr8/avr8-gnu-toolchain/bin/../lib/gcc/avr/5.4.0/avr5\libgcc.a(_exit.o)
                              C:/Program Files (x86)/Atmel/Studio/7.0/Packs/atmel/ATmega_DFP/1.7.374/gcc/dev/atmega32/avr5/crtatmega32.o (exit)
c:/program files (x86)/atmel/studio/7.0/toolchain/avr8/avr8-gnu-toolchain/bin/../lib/gcc/avr/5.4.0/avr5\libgcc.a(_copy_data.o)
                              APP/Calculator/Calculator_Prog.o (__do_copy_data)
c:/program files (x86)/atmel/studio/7.0/toolchain/avr8/avr8-gnu-toolchain/bin/../lib/gcc/avr/5.4.0/avr5\libgcc.a(_clear_bss.o)
                              APP/SmartHome_V1/SmartHome_Prog.o (__do_clear_bss)
c:/program files (x86)/atmel/studio/7.0/toolchain/avr8/avr8-gnu-toolchain/bin/../lib/gcc/avr/5.4.0/avr5\libgcc.a(_umulhisi3.o)
                              MCAL/Timers/Timer1_PWM/PWM_Prog.o (__umulhisi3)
c:/program files (x86)/atmel/studio/7.0/toolchain/avr8/avr8-gnu-toolchain/bin/../lib/gcc/avr/5.4.0/avr5\libgcc.a(_muluhisi3.o)
                              c:/program files (x86)/atmel/studio/7.0/toolchain/avr8/avr8-gnu-toolchain/bin/../lib/gcc/avr/5.4.0/avr5\libgcc.a(_mulsi3.o) (__muluhisi3)

Allocating common symbols
Common symbol       size              file

local_u8_button_state1
                    0x1               APP/Traffic_Light_V0/Trafic_Ligh_Prog.o
local_u8_button_state2
                    0x1               APP/Traffic_Light_V0/Trafic_Ligh_Prog.o

Discarded input sections

 .data          0x00000000        0x0 C:/Program Files (x86)/Atmel/Studio/7.0/Packs/atmel/ATmega_DFP/1.7.374/gcc/dev/atmega32/avr5/crtatmega32.o
 .bss           0x00000000        0x0 C:/Program Files (x86)/Atmel/Studio/7.0/Packs/atmel/ATmega_DFP/1.7.374/gcc/dev/atmega32/avr5/crtatmega32.o
 .text          0x00000000        0x0 APP/Calculator/Calculator_Prog.o
 .data          0x00000000        0x0 APP/Calculator/Calculator_Prog.o
 .bss           0x00000000        0x0 APP/Calculator/Calculator_Prog.o
 .text.Calc_enuInit
                0x00000000        0xa APP/Calculator/Calculator_Prog.o
 .text.enu_Calculate
                0x00000000       0x9c APP/Calculator/Calculator_Prog.o
 .rodata.str1.1
                0x00000000        0x9 APP/Calculator/Calculator_Prog.o
 .text.Calc_enuStart
                0x00000000      0x1d2 APP/Calculator/Calculator_Prog.o
 .debug_info    0x00000000      0x3f5 APP/Calculator/Calculator_Prog.o
 .debug_abbrev  0x00000000      0x132 APP/Calculator/Calculator_Prog.o
 .debug_loc     0x00000000      0x4c7 APP/Calculator/Calculator_Prog.o
 .debug_aranges
                0x00000000       0x30 APP/Calculator/Calculator_Prog.o
 .debug_ranges  0x00000000       0x50 APP/Calculator/Calculator_Prog.o
 .debug_line    0x00000000      0x2c8 APP/Calculator/Calculator_Prog.o
 .debug_str     0x00000000      0x3cf APP/Calculator/Calculator_Prog.o
 .comment       0x00000000       0x31 APP/Calculator/Calculator_Prog.o
 .debug_frame   0x00000000       0xcc APP/Calculator/Calculator_Prog.o
 .text          0x00000000        0x0 APP/Login System/Login_Prog.o
 .data          0x00000000        0x0 APP/Login System/Login_Prog.o
 .bss           0x00000000        0x0 APP/Login System/Login_Prog.o
 .text.LoginSystem_enuInit
                0x00000000       0x10 APP/Login System/Login_Prog.o
 .rodata.str1.1
                0x00000000       0x74 APP/Login System/Login_Prog.o
 .text.enuWelcomeScreen
                0x00000000       0x98 APP/Login System/Login_Prog.o
 .rodata        0x00000000        0x7 APP/Login System/Login_Prog.o
 .text.enuLoginScreen
                0x00000000      0x114 APP/Login System/Login_Prog.o
 .text.enuThiefScreen
                0x00000000       0x8c APP/Login System/Login_Prog.o
 .text.enuMainScreen
                0x00000000       0xae APP/Login System/Login_Prog.o
 .text.enuLedScreen
                0x00000000       0xa8 APP/Login System/Login_Prog.o
 .text.enuLedStates
                0x00000000       0x8e APP/Login System/Login_Prog.o
 .text.enuTempScreen
                0x00000000       0x6c APP/Login System/Login_Prog.o
 .text.LoginSystem_enuStart
                0x00000000       0x68 APP/Login System/Login_Prog.o
 .rodata.local_au8_thief
                0x00000000       0x28 APP/Login System/Login_Prog.o
 .data.local_bool_thiefscreen
                0x00000000        0x1 APP/Login System/Login_Prog.o
 .data.local_u8_error_counter
                0x00000000        0x1 APP/Login System/Login_Prog.o
 .data.local_bool_loginscreen
                0x00000000        0x1 APP/Login System/Login_Prog.o
 .data.local_bool_welcomeScreen
                0x00000000        0x1 APP/Login System/Login_Prog.o
 .debug_info    0x00000000      0xdb0 APP/Login System/Login_Prog.o
 .debug_abbrev  0x00000000      0x22a APP/Login System/Login_Prog.o
 .debug_loc     0x00000000      0x7b9 APP/Login System/Login_Prog.o
 .debug_aranges
                0x00000000       0x60 APP/Login System/Login_Prog.o
 .debug_ranges  0x00000000       0x68 APP/Login System/Login_Prog.o
 .debug_line    0x00000000      0x6e2 APP/Login System/Login_Prog.o
 .debug_str     0x00000000      0x55e APP/Login System/Login_Prog.o
 .comment       0x00000000       0x31 APP/Login System/Login_Prog.o
 .debug_frame   0x00000000      0x164 APP/Login System/Login_Prog.o
 .text          0x00000000        0x0 APP/main.o
 .data          0x00000000        0x0 APP/main.o
 .bss           0x00000000        0x0 APP/main.o
 .text          0x00000000        0x0 APP/POV/POV_Prog.o
 .data          0x00000000        0x0 APP/POV/POV_Prog.o
 .bss           0x00000000        0x0 APP/POV/POV_Prog.o
 .text.POV_enuInit
                0x00000000        0x6 APP/POV/POV_Prog.o
 .text.POV_enuDisplayNum
                0x00000000       0x96 APP/POV/POV_Prog.o
 .debug_info    0x00000000      0x2dc APP/POV/POV_Prog.o
 .debug_abbrev  0x00000000      0x171 APP/POV/POV_Prog.o
 .debug_loc     0x00000000      0x184 APP/POV/POV_Prog.o
 .debug_aranges
                0x00000000       0x28 APP/POV/POV_Prog.o
 .debug_ranges  0x00000000       0x48 APP/POV/POV_Prog.o
 .debug_line    0x00000000      0x244 APP/POV/POV_Prog.o
 .debug_str     0x00000000      0x2a4 APP/POV/POV_Prog.o
 .comment       0x00000000       0x31 APP/POV/POV_Prog.o
 .debug_frame   0x00000000       0x48 APP/POV/POV_Prog.o
 .text          0x00000000        0x0 APP/Shooting/ShootingGame_Prog.o
 .data          0x00000000        0x0 APP/Shooting/ShootingGame_Prog.o
 .bss           0x00000000        0x0 APP/Shooting/ShootingGame_Prog.o
 .text.Game_enuInit
                0x00000000       0x96 APP/Shooting/ShootingGame_Prog.o
 .rodata.str1.1
                0x00000000        0xa APP/Shooting/ShootingGame_Prog.o
 .text.Game_enuStart
                0x00000000       0xba APP/Shooting/ShootingGame_Prog.o
 .data.local_au8_bullet
                0x00000000        0x8 APP/Shooting/ShootingGame_Prog.o
 .data.local_au8_victim
                0x00000000        0x8 APP/Shooting/ShootingGame_Prog.o
 .data.local_au8_pistol
                0x00000000        0x8 APP/Shooting/ShootingGame_Prog.o
 .data.local_au8_shooter
                0x00000000        0x8 APP/Shooting/ShootingGame_Prog.o
 .debug_info    0x00000000      0x5c7 APP/Shooting/ShootingGame_Prog.o
 .debug_abbrev  0x00000000      0x183 APP/Shooting/ShootingGame_Prog.o
 .debug_loc     0x00000000      0x171 APP/Shooting/ShootingGame_Prog.o
 .debug_aranges
                0x00000000       0x28 APP/Shooting/ShootingGame_Prog.o
 .debug_ranges  0x00000000       0x30 APP/Shooting/ShootingGame_Prog.o
 .debug_line    0x00000000      0x319 APP/Shooting/ShootingGame_Prog.o
 .debug_str     0x00000000      0x389 APP/Shooting/ShootingGame_Prog.o
 .comment       0x00000000       0x31 APP/Shooting/ShootingGame_Prog.o
 .debug_frame   0x00000000       0x58 APP/Shooting/ShootingGame_Prog.o
 .text          0x00000000        0x0 APP/SmartHome_V1/SmartHome_Prog.o
 .data          0x00000000        0x0 APP/SmartHome_V1/SmartHome_Prog.o
 .bss           0x00000000        0x0 APP/SmartHome_V1/SmartHome_Prog.o
 .text.SmartHome_enuInit
                0x00000000       0x14 APP/SmartHome_V1/SmartHome_Prog.o
 .text.map      0x00000000       0x3e APP/SmartHome_V1/SmartHome_Prog.o
 .rodata.str1.1
                0x00000000       0x37 APP/SmartHome_V1/SmartHome_Prog.o
 .rodata        0x00000000        0x8 APP/SmartHome_V1/SmartHome_Prog.o
 .text.enuGateControl
                0x00000000      0x136 APP/SmartHome_V1/SmartHome_Prog.o
 .text.enuLoginControl
                0x00000000        0x2 APP/SmartHome_V1/SmartHome_Prog.o
 .text.enuOperateGate
                0x00000000       0x8e APP/SmartHome_V1/SmartHome_Prog.o
 .text.SmartHome_enuStartSystem
                0x00000000       0x2a APP/SmartHome_V1/SmartHome_Prog.o
 .bss.Home_u8_WrongPassCounter
                0x00000000        0x1 APP/SmartHome_V1/SmartHome_Prog.o
 .data.Home_bool_gate_system
                0x00000000        0x1 APP/SmartHome_V1/SmartHome_Prog.o
 .debug_info    0x00000000      0x5cb APP/SmartHome_V1/SmartHome_Prog.o
 .debug_abbrev  0x00000000      0x1ca APP/SmartHome_V1/SmartHome_Prog.o
 .debug_loc     0x00000000      0x261 APP/SmartHome_V1/SmartHome_Prog.o
 .debug_aranges
                0x00000000       0x48 APP/SmartHome_V1/SmartHome_Prog.o
 .debug_ranges  0x00000000       0x50 APP/SmartHome_V1/SmartHome_Prog.o
 .debug_line    0x00000000      0x3ab APP/SmartHome_V1/SmartHome_Prog.o
 .debug_str     0x00000000      0x41d APP/SmartHome_V1/SmartHome_Prog.o
 .comment       0x00000000       0x31 APP/SmartHome_V1/SmartHome_Prog.o
 .debug_frame   0x00000000       0xb4 APP/SmartHome_V1/SmartHome_Prog.o
 .text          0x00000000        0x0 APP/SmartHome_V2/Home_Prog.o
 .data          0x00000000        0x0 APP/SmartHome_V2/Home_Prog.o
 .bss           0x00000000        0x0 APP/SmartHome_V2/Home_Prog.o
 .text          0x00000000        0x0 APP/Traffic_Light_V0/Trafic_Ligh_Prog.o
 .data          0x00000000        0x0 APP/Traffic_Light_V0/Trafic_Ligh_Prog.o
 .bss           0x00000000        0x0 APP/Traffic_Light_V0/Trafic_Ligh_Prog.o
 .text.TraficLight_enu_Init
                0x00000000       0x48 APP/Traffic_Light_V0/Trafic_Ligh_Prog.o
 .text.POV      0x00000000       0x74 APP/Traffic_Light_V0/Trafic_Ligh_Prog.o
 .text.officer  0x00000000       0x9e APP/Traffic_Light_V0/Trafic_Ligh_Prog.o
 .text.TraficLight_enu_ON
                0x00000000       0xcc APP/Traffic_Light_V0/Trafic_Ligh_Prog.o
 .bss.local_bool_flag2
                0x00000000        0x1 APP/Traffic_Light_V0/Trafic_Ligh_Prog.o
 .bss.local_bool_flag1
                0x00000000        0x1 APP/Traffic_Light_V0/Trafic_Ligh_Prog.o
 .data.TRAFFIC_COUNTER
                0x00000000        0x1 APP/Traffic_Light_V0/Trafic_Ligh_Prog.o
 .debug_info    0x00000000      0x58c APP/Traffic_Light_V0/Trafic_Ligh_Prog.o
 .debug_abbrev  0x00000000      0x1e2 APP/Traffic_Light_V0/Trafic_Ligh_Prog.o
 .debug_loc     0x00000000      0x2f7 APP/Traffic_Light_V0/Trafic_Ligh_Prog.o
 .debug_aranges
                0x00000000       0x38 APP/Traffic_Light_V0/Trafic_Ligh_Prog.o
 .debug_ranges  0x00000000       0x28 APP/Traffic_Light_V0/Trafic_Ligh_Prog.o
 .debug_line    0x00000000      0x47f APP/Traffic_Light_V0/Trafic_Ligh_Prog.o
 .debug_str     0x00000000      0x3d1 APP/Traffic_Light_V0/Trafic_Ligh_Prog.o
 .comment       0x00000000       0x31 APP/Traffic_Light_V0/Trafic_Ligh_Prog.o
 .debug_frame   0x00000000       0x98 APP/Traffic_Light_V0/Trafic_Ligh_Prog.o
 COMMON         0x00000000        0x2 APP/Traffic_Light_V0/Trafic_Ligh_Prog.o
 .text          0x00000000        0x0 APP/Traffic_Light_V1/TrafficLight_V1_Porg.o
 .data          0x00000000        0x0 APP/Traffic_Light_V1/TrafficLight_V1_Porg.o
 .bss           0x00000000        0x0 APP/Traffic_Light_V1/TrafficLight_V1_Porg.o
 .text.enu_increment_counter
                0x00000000        0xe APP/Traffic_Light_V1/TrafficLight_V1_Porg.o
 .text.TraficLightV1_enuInit
                0x00000000       0x5c APP/Traffic_Light_V1/TrafficLight_V1_Porg.o
 .text.enu_POV  0x00000000       0x76 APP/Traffic_Light_V1/TrafficLight_V1_Porg.o
 .text.TraficLightV1_enuStart
                0x00000000       0xb2 APP/Traffic_Light_V1/TrafficLight_V1_Porg.o
 .bss.Incremented
                0x00000000        0x1 APP/Traffic_Light_V1/TrafficLight_V1_Porg.o
 .data.TRAFFIC_COUNTER_V1
                0x00000000        0x1 APP/Traffic_Light_V1/TrafficLight_V1_Porg.o
 .debug_info    0x00000000      0x4b8 APP/Traffic_Light_V1/TrafficLight_V1_Porg.o
 .debug_abbrev  0x00000000      0x1bf APP/Traffic_Light_V1/TrafficLight_V1_Porg.o
 .debug_loc     0x00000000      0x210 APP/Traffic_Light_V1/TrafficLight_V1_Porg.o
 .debug_aranges
                0x00000000       0x38 APP/Traffic_Light_V1/TrafficLight_V1_Porg.o
 .debug_ranges  0x00000000       0x28 APP/Traffic_Light_V1/TrafficLight_V1_Porg.o
 .debug_line    0x00000000      0x428 APP/Traffic_Light_V1/TrafficLight_V1_Porg.o
 .debug_str     0x00000000      0x380 APP/Traffic_Light_V1/TrafficLight_V1_Porg.o
 .comment       0x00000000       0x31 APP/Traffic_Light_V1/TrafficLight_V1_Porg.o
 .debug_frame   0x00000000       0x7c APP/Traffic_Light_V1/TrafficLight_V1_Porg.o
 .text          0x00000000        0x0 HAL/HexDecoder/HexDec_Prog.o
 .data          0x00000000        0x0 HAL/HexDecoder/HexDec_Prog.o
 .bss           0x00000000        0x0 HAL/HexDecoder/HexDec_Prog.o
 .text.HexDec_enu_Init
                0x00000000       0x94 HAL/HexDecoder/HexDec_Prog.o
 .text.HexDec_enu_Display
                0x00000000       0x70 HAL/HexDecoder/HexDec_Prog.o
 .text.HexDec_enu_EnableSegment
                0x00000000       0x32 HAL/HexDecoder/HexDec_Prog.o
 .text.HexDec_enu_DisableSegment
                0x00000000       0x32 HAL/HexDecoder/HexDec_Prog.o
 .text.HexDec_enu_StopDisplay
                0x00000000       0x10 HAL/HexDecoder/HexDec_Prog.o
 .debug_info    0x00000000      0x43f HAL/HexDecoder/HexDec_Prog.o
 .debug_abbrev  0x00000000      0x127 HAL/HexDecoder/HexDec_Prog.o
 .debug_loc     0x00000000      0x22c HAL/HexDecoder/HexDec_Prog.o
 .debug_aranges
                0x00000000       0x40 HAL/HexDecoder/HexDec_Prog.o
 .debug_ranges  0x00000000       0x30 HAL/HexDecoder/HexDec_Prog.o
 .debug_line    0x00000000      0x22e HAL/HexDecoder/HexDec_Prog.o
 .debug_str     0x00000000      0x29e HAL/HexDecoder/HexDec_Prog.o
 .comment       0x00000000       0x31 HAL/HexDecoder/HexDec_Prog.o
 .debug_frame   0x00000000       0x7c HAL/HexDecoder/HexDec_Prog.o
 .text          0x00000000        0x0 HAL/ICU/ICU_Prog.o
 .data          0x00000000        0x0 HAL/ICU/ICU_Prog.o
 .bss           0x00000000        0x0 HAL/ICU/ICU_Prog.o
 .debug_line    0x00000000        0x0 HAL/ICU/ICU_Prog.o
 .debug_str     0x00000000       0xf1 HAL/ICU/ICU_Prog.o
 .comment       0x00000000       0x31 HAL/ICU/ICU_Prog.o
 .text          0x00000000        0x0 HAL/KeyPad/KeyPad_Prog.o
 .data          0x00000000        0x0 HAL/KeyPad/KeyPad_Prog.o
 .bss           0x00000000        0x0 HAL/KeyPad/KeyPad_Prog.o
 .text          0x00000000        0x0 HAL/LCD/LCD_Prog.o
 .data          0x00000000        0x0 HAL/LCD/LCD_Prog.o
 .bss           0x00000000        0x0 HAL/LCD/LCD_Prog.o
 .text.LCD_enuDisplayFNumbers
                0x00000000       0xd4 HAL/LCD/LCD_Prog.o
 .text          0x00000000        0x0 HAL/LED/LED_Config.o
 .data          0x00000000        0x0 HAL/LED/LED_Config.o
 .bss           0x00000000        0x0 HAL/LED/LED_Config.o
 .text          0x00000000        0x0 HAL/LED/LED_Prog.o
 .data          0x00000000        0x0 HAL/LED/LED_Prog.o
 .bss           0x00000000        0x0 HAL/LED/LED_Prog.o
 .text.LED_enuON
                0x00000000       0x24 HAL/LED/LED_Prog.o
 .text.LED_enuOFF
                0x00000000       0x24 HAL/LED/LED_Prog.o
 .text          0x00000000        0x0 HAL/ServoMotor/Servo_Config.o
 .data          0x00000000        0x0 HAL/ServoMotor/Servo_Config.o
 .bss           0x00000000        0x0 HAL/ServoMotor/Servo_Config.o
 .debug_line    0x00000000        0x0 HAL/ServoMotor/Servo_Config.o
 .debug_str     0x00000000       0xfc HAL/ServoMotor/Servo_Config.o
 .comment       0x00000000       0x31 HAL/ServoMotor/Servo_Config.o
 .text          0x00000000        0x0 HAL/ServoMotor/Servo_Prog.o
 .data          0x00000000        0x0 HAL/ServoMotor/Servo_Prog.o
 .bss           0x00000000        0x0 HAL/ServoMotor/Servo_Prog.o
 .debug_line    0x00000000        0x0 HAL/ServoMotor/Servo_Prog.o
 .debug_str     0x00000000       0xfa HAL/ServoMotor/Servo_Prog.o
 .comment       0x00000000       0x31 HAL/ServoMotor/Servo_Prog.o
 .text          0x00000000        0x0 HAL/Switch/Switch_Config.o
 .data          0x00000000        0x0 HAL/Switch/Switch_Config.o
 .bss           0x00000000        0x0 HAL/Switch/Switch_Config.o
 .data.local_u8_switch_max
                0x00000000        0x1 HAL/Switch/Switch_Config.o
 .data.Switch_astr_switch_config
                0x00000000        0x9 HAL/Switch/Switch_Config.o
 .debug_info    0x00000000       0xee HAL/Switch/Switch_Config.o
 .debug_abbrev  0x00000000       0x74 HAL/Switch/Switch_Config.o
 .debug_aranges
                0x00000000       0x18 HAL/Switch/Switch_Config.o
 .debug_line    0x00000000       0x74 HAL/Switch/Switch_Config.o
 .debug_str     0x00000000      0x1de HAL/Switch/Switch_Config.o
 .comment       0x00000000       0x31 HAL/Switch/Switch_Config.o
 .text          0x00000000        0x0 HAL/Switch/Switch_Porg.o
 .data          0x00000000        0x0 HAL/Switch/Switch_Porg.o
 .bss           0x00000000        0x0 HAL/Switch/Switch_Porg.o
 .text.Switch_enu_Init
                0x00000000       0x4c HAL/Switch/Switch_Porg.o
 .text.Switch_enu_GetSwitchState
                0x00000000       0x3a HAL/Switch/Switch_Porg.o
 .debug_info    0x00000000      0x20c HAL/Switch/Switch_Porg.o
 .debug_abbrev  0x00000000      0x15e HAL/Switch/Switch_Porg.o
 .debug_loc     0x00000000      0x14a HAL/Switch/Switch_Porg.o
 .debug_aranges
                0x00000000       0x28 HAL/Switch/Switch_Porg.o
 .debug_ranges  0x00000000       0x18 HAL/Switch/Switch_Porg.o
 .debug_line    0x00000000      0x132 HAL/Switch/Switch_Porg.o
 .debug_str     0x00000000      0x2a1 HAL/Switch/Switch_Porg.o
 .comment       0x00000000       0x31 HAL/Switch/Switch_Porg.o
 .debug_frame   0x00000000       0x48 HAL/Switch/Switch_Porg.o
 .text          0x00000000        0x0 MCAL/ADC/ADC_Prog.o
 .data          0x00000000        0x0 MCAL/ADC/ADC_Prog.o
 .bss           0x00000000        0x0 MCAL/ADC/ADC_Prog.o
 .text.ADC_enuInit
                0x00000000       0x62 MCAL/ADC/ADC_Prog.o
 .text.ADC_enuReadPolling
                0x00000000       0x5a MCAL/ADC/ADC_Prog.o
 .text.ADC_enuStartConversion
                0x00000000        0xa MCAL/ADC/ADC_Prog.o
 .text.ADC_enuEnableInterrupt
                0x00000000        0xa MCAL/ADC/ADC_Prog.o
 .text.ADC_enuDisableInterrupt
                0x00000000        0xa MCAL/ADC/ADC_Prog.o
 .text.ADC_enuSetChannel
                0x00000000       0x14 MCAL/ADC/ADC_Prog.o
 .text.ADC_enuTriggerSource
                0x00000000       0x50 MCAL/ADC/ADC_Prog.o
 .text.ADC_enuClearTrigger
                0x00000000        0xa MCAL/ADC/ADC_Prog.o
 .text.ADC_enuRead
                0x00000000       0x32 MCAL/ADC/ADC_Prog.o
 .text.ADC_enuReadHigh
                0x00000000       0x12 MCAL/ADC/ADC_Prog.o
 .text.ADC_enuSetCallBack
                0x00000000       0x1e MCAL/ADC/ADC_Prog.o
 .text          0x00000000        0x0 MCAL/DIO/DIO_Prog.o
 .data          0x00000000        0x0 MCAL/DIO/DIO_Prog.o
 .bss           0x00000000        0x0 MCAL/DIO/DIO_Prog.o
 .text.DIO_enuGetBit
                0x00000000       0x8e MCAL/DIO/DIO_Prog.o
 .text          0x00000000        0x0 MCAL/EXTI/EXTI_Config.o
 .data          0x00000000        0x0 MCAL/EXTI/EXTI_Config.o
 .bss           0x00000000        0x0 MCAL/EXTI/EXTI_Config.o
 .data.EXTI_astr_PIN_CONFIG
                0x00000000        0x9 MCAL/EXTI/EXTI_Config.o
 .data.local_u8_EXTI_max_pin_no
                0x00000000        0x1 MCAL/EXTI/EXTI_Config.o
 .debug_info    0x00000000       0xee MCAL/EXTI/EXTI_Config.o
 .debug_abbrev  0x00000000       0x74 MCAL/EXTI/EXTI_Config.o
 .debug_aranges
                0x00000000       0x18 MCAL/EXTI/EXTI_Config.o
 .debug_line    0x00000000       0x6e MCAL/EXTI/EXTI_Config.o
 .debug_str     0x00000000      0x1f9 MCAL/EXTI/EXTI_Config.o
 .comment       0x00000000       0x31 MCAL/EXTI/EXTI_Config.o
 .text          0x00000000        0x0 MCAL/EXTI/EXTI_Prog.o
 .data          0x00000000        0x0 MCAL/EXTI/EXTI_Prog.o
 .bss           0x00000000        0x0 MCAL/EXTI/EXTI_Prog.o
 .text.enuSetIntMode
                0x00000000       0x4a MCAL/EXTI/EXTI_Prog.o
 .text.enuSetIntSenseLevel
                0x00000000       0xb8 MCAL/EXTI/EXTI_Prog.o
 .text.EXTI_enuInit
                0x00000000       0x40 MCAL/EXTI/EXTI_Prog.o
 .text.EXTI_enuSetInterruptMode
                0x00000000        0x8 MCAL/EXTI/EXTI_Prog.o
 .text.EXTI_enuSetInterruptSenseLevel
                0x00000000        0x8 MCAL/EXTI/EXTI_Prog.o
 .text.EXTI_enuEnableInterrupt
                0x00000000        0xa MCAL/EXTI/EXTI_Prog.o
 .text.EXTI_enuDisableInterrupt
                0x00000000        0xa MCAL/EXTI/EXTI_Prog.o
 .text.EXTI_enuCallBack
                0x00000000       0x14 MCAL/EXTI/EXTI_Prog.o
 .text          0x00000000        0x0 MCAL/GIE/GIE_Prog.o
 .data          0x00000000        0x0 MCAL/GIE/GIE_Prog.o
 .bss           0x00000000        0x0 MCAL/GIE/GIE_Prog.o
 .text.GIE_vidEnable
                0x00000000        0x4 MCAL/GIE/GIE_Prog.o
 .text.GIE_vidDisable
                0x00000000        0x4 MCAL/GIE/GIE_Prog.o
 .debug_info    0x00000000       0x54 MCAL/GIE/GIE_Prog.o
 .debug_abbrev  0x00000000       0x2c MCAL/GIE/GIE_Prog.o
 .debug_aranges
                0x00000000       0x28 MCAL/GIE/GIE_Prog.o
 .debug_ranges  0x00000000       0x18 MCAL/GIE/GIE_Prog.o
 .debug_line    0x00000000       0x5e MCAL/GIE/GIE_Prog.o
 .debug_str     0x00000000      0x10f MCAL/GIE/GIE_Prog.o
 .comment       0x00000000       0x31 MCAL/GIE/GIE_Prog.o
 .debug_frame   0x00000000       0x34 MCAL/GIE/GIE_Prog.o
 .text          0x00000000        0x0 MCAL/Timers/Timer0/Timer0_Porg.o
 .data          0x00000000        0x0 MCAL/Timers/Timer0/Timer0_Porg.o
 .bss           0x00000000        0x0 MCAL/Timers/Timer0/Timer0_Porg.o
 .text.Timer0_enuInterrupt_SetTimer
                0x00000000       0x5c MCAL/Timers/Timer0/Timer0_Porg.o
 .text.Timer0_enuInterrupt_GeneratePWM
                0x00000000        0x4 MCAL/Timers/Timer0/Timer0_Porg.o
 .text.TIMER0_enuSetCallBack
                0x00000000       0x1e MCAL/Timers/Timer0/Timer0_Porg.o
 .text          0x00000000        0x0 MCAL/Timers/Timer1_PWM/PWM_Prog.o
 .data          0x00000000        0x0 MCAL/Timers/Timer1_PWM/PWM_Prog.o
 .bss           0x00000000        0x0 MCAL/Timers/Timer1_PWM/PWM_Prog.o
 .text.PWM_enuGeneratePWM_AdjustableFreq_1X
                0x00000000        0x4 MCAL/Timers/Timer1_PWM/PWM_Prog.o
 .text.PWM_enuGeneratePWM_AdjustableFreq_2X
                0x00000000        0x4 MCAL/Timers/Timer1_PWM/PWM_Prog.o
 .text          0x00000000        0x0 MCAL/Timers/Timer2/Timer2_Prog.o
 .data          0x00000000        0x0 MCAL/Timers/Timer2/Timer2_Prog.o
 .bss           0x00000000        0x0 MCAL/Timers/Timer2/Timer2_Prog.o
 .text          0x00000000        0x0 c:/program files (x86)/atmel/studio/7.0/toolchain/avr8/avr8-gnu-toolchain/bin/../lib/gcc/avr/5.4.0/../../../../avr/lib/avr5\libm.a(addsf3.o)
 .data          0x00000000        0x0 c:/program files (x86)/atmel/studio/7.0/toolchain/avr8/avr8-gnu-toolchain/bin/../lib/gcc/avr/5.4.0/../../../../avr/lib/avr5\libm.a(addsf3.o)
 .bss           0x00000000        0x0 c:/program files (x86)/atmel/studio/7.0/toolchain/avr8/avr8-gnu-toolchain/bin/../lib/gcc/avr/5.4.0/../../../../avr/lib/avr5\libm.a(addsf3.o)
 .text          0x00000000        0x0 c:/program files (x86)/atmel/studio/7.0/toolchain/avr8/avr8-gnu-toolchain/bin/../lib/gcc/avr/5.4.0/../../../../avr/lib/avr5\libm.a(addsf3x.o)
 .data          0x00000000        0x0 c:/program files (x86)/atmel/studio/7.0/toolchain/avr8/avr8-gnu-toolchain/bin/../lib/gcc/avr/5.4.0/../../../../avr/lib/avr5\libm.a(addsf3x.o)
 .bss           0x00000000        0x0 c:/program files (x86)/atmel/studio/7.0/toolchain/avr8/avr8-gnu-toolchain/bin/../lib/gcc/avr/5.4.0/../../../../avr/lib/avr5\libm.a(addsf3x.o)
 .text          0x00000000        0x0 c:/program files (x86)/atmel/studio/7.0/toolchain/avr8/avr8-gnu-toolchain/bin/../lib/gcc/avr/5.4.0/../../../../avr/lib/avr5\libm.a(cmpsf2.o)
 .data          0x00000000        0x0 c:/program files (x86)/atmel/studio/7.0/toolchain/avr8/avr8-gnu-toolchain/bin/../lib/gcc/avr/5.4.0/../../../../avr/lib/avr5\libm.a(cmpsf2.o)
 .bss           0x00000000        0x0 c:/program files (x86)/atmel/studio/7.0/toolchain/avr8/avr8-gnu-toolchain/bin/../lib/gcc/avr/5.4.0/../../../../avr/lib/avr5\libm.a(cmpsf2.o)
 .text.avr-libc.fplib
                0x00000000        0xa c:/program files (x86)/atmel/studio/7.0/toolchain/avr8/avr8-gnu-toolchain/bin/../lib/gcc/avr/5.4.0/../../../../avr/lib/avr5\libm.a(cmpsf2.o)
 .text          0x00000000        0x0 c:/program files (x86)/atmel/studio/7.0/toolchain/avr8/avr8-gnu-toolchain/bin/../lib/gcc/avr/5.4.0/../../../../avr/lib/avr5\libm.a(divsf3.o)
 .data          0x00000000        0x0 c:/program files (x86)/atmel/studio/7.0/toolchain/avr8/avr8-gnu-toolchain/bin/../lib/gcc/avr/5.4.0/../../../../avr/lib/avr5\libm.a(divsf3.o)
 .bss           0x00000000        0x0 c:/program files (x86)/atmel/studio/7.0/toolchain/avr8/avr8-gnu-toolchain/bin/../lib/gcc/avr/5.4.0/../../../../avr/lib/avr5\libm.a(divsf3.o)
 .text          0x00000000        0x0 c:/program files (x86)/atmel/studio/7.0/toolchain/avr8/avr8-gnu-toolchain/bin/../lib/gcc/avr/5.4.0/../../../../avr/lib/avr5\libm.a(divsf3x.o)
 .data          0x00000000        0x0 c:/program files (x86)/atmel/studio/7.0/toolchain/avr8/avr8-gnu-toolchain/bin/../lib/gcc/avr/5.4.0/../../../../avr/lib/avr5\libm.a(divsf3x.o)
 .bss           0x00000000        0x0 c:/program files (x86)/atmel/studio/7.0/toolchain/avr8/avr8-gnu-toolchain/bin/../lib/gcc/avr/5.4.0/../../../../avr/lib/avr5\libm.a(divsf3x.o)
 .text          0x00000000        0x0 c:/program files (x86)/atmel/studio/7.0/toolchain/avr8/avr8-gnu-toolchain/bin/../lib/gcc/avr/5.4.0/../../../../avr/lib/avr5\libm.a(fixsfsi.o)
 .data          0x00000000        0x0 c:/program files (x86)/atmel/studio/7.0/toolchain/avr8/avr8-gnu-toolchain/bin/../lib/gcc/avr/5.4.0/../../../../avr/lib/avr5\libm.a(fixsfsi.o)
 .bss           0x00000000        0x0 c:/program files (x86)/atmel/studio/7.0/toolchain/avr8/avr8-gnu-toolchain/bin/../lib/gcc/avr/5.4.0/../../../../avr/lib/avr5\libm.a(fixsfsi.o)
 .text.avr-libc.fplib
                0x00000000        0xe c:/program files (x86)/atmel/studio/7.0/toolchain/avr8/avr8-gnu-toolchain/bin/../lib/gcc/avr/5.4.0/../../../../avr/lib/avr5\libm.a(fixsfsi.o)
 .text          0x00000000        0x0 c:/program files (x86)/atmel/studio/7.0/toolchain/avr8/avr8-gnu-toolchain/bin/../lib/gcc/avr/5.4.0/../../../../avr/lib/avr5\libm.a(fixunssfsi.o)
 .data          0x00000000        0x0 c:/program files (x86)/atmel/studio/7.0/toolchain/avr8/avr8-gnu-toolchain/bin/../lib/gcc/avr/5.4.0/../../../../avr/lib/avr5\libm.a(fixunssfsi.o)
 .bss           0x00000000        0x0 c:/program files (x86)/atmel/studio/7.0/toolchain/avr8/avr8-gnu-toolchain/bin/../lib/gcc/avr/5.4.0/../../../../avr/lib/avr5\libm.a(fixunssfsi.o)
 .text          0x00000000        0x0 c:/program files (x86)/atmel/studio/7.0/toolchain/avr8/avr8-gnu-toolchain/bin/../lib/gcc/avr/5.4.0/../../../../avr/lib/avr5\libm.a(floatsisf.o)
 .data          0x00000000        0x0 c:/program files (x86)/atmel/studio/7.0/toolchain/avr8/avr8-gnu-toolchain/bin/../lib/gcc/avr/5.4.0/../../../../avr/lib/avr5\libm.a(floatsisf.o)
 .bss           0x00000000        0x0 c:/program files (x86)/atmel/studio/7.0/toolchain/avr8/avr8-gnu-toolchain/bin/../lib/gcc/avr/5.4.0/../../../../avr/lib/avr5\libm.a(floatsisf.o)
 .text          0x00000000        0x0 c:/program files (x86)/atmel/studio/7.0/toolchain/avr8/avr8-gnu-toolchain/bin/../lib/gcc/avr/5.4.0/../../../../avr/lib/avr5\libm.a(fp_cmp.o)
 .data          0x00000000        0x0 c:/program files (x86)/atmel/studio/7.0/toolchain/avr8/avr8-gnu-toolchain/bin/../lib/gcc/avr/5.4.0/../../../../avr/lib/avr5\libm.a(fp_cmp.o)
 .bss           0x00000000        0x0 c:/program files (x86)/atmel/studio/7.0/toolchain/avr8/avr8-gnu-toolchain/bin/../lib/gcc/avr/5.4.0/../../../../avr/lib/avr5\libm.a(fp_cmp.o)
 .text.avr-libc.fplib
                0x00000000       0x48 c:/program files (x86)/atmel/studio/7.0/toolchain/avr8/avr8-gnu-toolchain/bin/../lib/gcc/avr/5.4.0/../../../../avr/lib/avr5\libm.a(fp_cmp.o)
 .text          0x00000000        0x0 c:/program files (x86)/atmel/studio/7.0/toolchain/avr8/avr8-gnu-toolchain/bin/../lib/gcc/avr/5.4.0/../../../../avr/lib/avr5\libm.a(fp_inf.o)
 .data          0x00000000        0x0 c:/program files (x86)/atmel/studio/7.0/toolchain/avr8/avr8-gnu-toolchain/bin/../lib/gcc/avr/5.4.0/../../../../avr/lib/avr5\libm.a(fp_inf.o)
 .bss           0x00000000        0x0 c:/program files (x86)/atmel/studio/7.0/toolchain/avr8/avr8-gnu-toolchain/bin/../lib/gcc/avr/5.4.0/../../../../avr/lib/avr5\libm.a(fp_inf.o)
 .text          0x00000000        0x0 c:/program files (x86)/atmel/studio/7.0/toolchain/avr8/avr8-gnu-toolchain/bin/../lib/gcc/avr/5.4.0/../../../../avr/lib/avr5\libm.a(fp_nan.o)
 .data          0x00000000        0x0 c:/program files (x86)/atmel/studio/7.0/toolchain/avr8/avr8-gnu-toolchain/bin/../lib/gcc/avr/5.4.0/../../../../avr/lib/avr5\libm.a(fp_nan.o)
 .bss           0x00000000        0x0 c:/program files (x86)/atmel/studio/7.0/toolchain/avr8/avr8-gnu-toolchain/bin/../lib/gcc/avr/5.4.0/../../../../avr/lib/avr5\libm.a(fp_nan.o)
 .text          0x00000000        0x0 c:/program files (x86)/atmel/studio/7.0/toolchain/avr8/avr8-gnu-toolchain/bin/../lib/gcc/avr/5.4.0/../../../../avr/lib/avr5\libm.a(fp_pscA.o)
 .data          0x00000000        0x0 c:/program files (x86)/atmel/studio/7.0/toolchain/avr8/avr8-gnu-toolchain/bin/../lib/gcc/avr/5.4.0/../../../../avr/lib/avr5\libm.a(fp_pscA.o)
 .bss           0x00000000        0x0 c:/program files (x86)/atmel/studio/7.0/toolchain/avr8/avr8-gnu-toolchain/bin/../lib/gcc/avr/5.4.0/../../../../avr/lib/avr5\libm.a(fp_pscA.o)
 .text          0x00000000        0x0 c:/program files (x86)/atmel/studio/7.0/toolchain/avr8/avr8-gnu-toolchain/bin/../lib/gcc/avr/5.4.0/../../../../avr/lib/avr5\libm.a(fp_pscB.o)
 .data          0x00000000        0x0 c:/program files (x86)/atmel/studio/7.0/toolchain/avr8/avr8-gnu-toolchain/bin/../lib/gcc/avr/5.4.0/../../../../avr/lib/avr5\libm.a(fp_pscB.o)
 .bss           0x00000000        0x0 c:/program files (x86)/atmel/studio/7.0/toolchain/avr8/avr8-gnu-toolchain/bin/../lib/gcc/avr/5.4.0/../../../../avr/lib/avr5\libm.a(fp_pscB.o)
 .text          0x00000000        0x0 c:/program files (x86)/atmel/studio/7.0/toolchain/avr8/avr8-gnu-toolchain/bin/../lib/gcc/avr/5.4.0/../../../../avr/lib/avr5\libm.a(fp_round.o)
 .data          0x00000000        0x0 c:/program files (x86)/atmel/studio/7.0/toolchain/avr8/avr8-gnu-toolchain/bin/../lib/gcc/avr/5.4.0/../../../../avr/lib/avr5\libm.a(fp_round.o)
 .bss           0x00000000        0x0 c:/program files (x86)/atmel/studio/7.0/toolchain/avr8/avr8-gnu-toolchain/bin/../lib/gcc/avr/5.4.0/../../../../avr/lib/avr5\libm.a(fp_round.o)
 .text          0x00000000        0x0 c:/program files (x86)/atmel/studio/7.0/toolchain/avr8/avr8-gnu-toolchain/bin/../lib/gcc/avr/5.4.0/../../../../avr/lib/avr5\libm.a(fp_split3.o)
 .data          0x00000000        0x0 c:/program files (x86)/atmel/studio/7.0/toolchain/avr8/avr8-gnu-toolchain/bin/../lib/gcc/avr/5.4.0/../../../../avr/lib/avr5\libm.a(fp_split3.o)
 .bss           0x00000000        0x0 c:/program files (x86)/atmel/studio/7.0/toolchain/avr8/avr8-gnu-toolchain/bin/../lib/gcc/avr/5.4.0/../../../../avr/lib/avr5\libm.a(fp_split3.o)
 .text          0x00000000        0x0 c:/program files (x86)/atmel/studio/7.0/toolchain/avr8/avr8-gnu-toolchain/bin/../lib/gcc/avr/5.4.0/../../../../avr/lib/avr5\libm.a(fp_zero.o)
 .data          0x00000000        0x0 c:/program files (x86)/atmel/studio/7.0/toolchain/avr8/avr8-gnu-toolchain/bin/../lib/gcc/avr/5.4.0/../../../../avr/lib/avr5\libm.a(fp_zero.o)
 .bss           0x00000000        0x0 c:/program files (x86)/atmel/studio/7.0/toolchain/avr8/avr8-gnu-toolchain/bin/../lib/gcc/avr/5.4.0/../../../../avr/lib/avr5\libm.a(fp_zero.o)
 .text          0x00000000        0x0 c:/program files (x86)/atmel/studio/7.0/toolchain/avr8/avr8-gnu-toolchain/bin/../lib/gcc/avr/5.4.0/../../../../avr/lib/avr5\libm.a(mulsf3.o)
 .data          0x00000000        0x0 c:/program files (x86)/atmel/studio/7.0/toolchain/avr8/avr8-gnu-toolchain/bin/../lib/gcc/avr/5.4.0/../../../../avr/lib/avr5\libm.a(mulsf3.o)
 .bss           0x00000000        0x0 c:/program files (x86)/atmel/studio/7.0/toolchain/avr8/avr8-gnu-toolchain/bin/../lib/gcc/avr/5.4.0/../../../../avr/lib/avr5\libm.a(mulsf3.o)
 .text          0x00000000        0x0 c:/program files (x86)/atmel/studio/7.0/toolchain/avr8/avr8-gnu-toolchain/bin/../lib/gcc/avr/5.4.0/../../../../avr/lib/avr5\libm.a(mulsf3x.o)
 .data          0x00000000        0x0 c:/program files (x86)/atmel/studio/7.0/toolchain/avr8/avr8-gnu-toolchain/bin/../lib/gcc/avr/5.4.0/../../../../avr/lib/avr5\libm.a(mulsf3x.o)
 .bss           0x00000000        0x0 c:/program files (x86)/atmel/studio/7.0/toolchain/avr8/avr8-gnu-toolchain/bin/../lib/gcc/avr/5.4.0/../../../../avr/lib/avr5\libm.a(mulsf3x.o)
 .text          0x00000000        0x0 c:/program files (x86)/atmel/studio/7.0/toolchain/avr8/avr8-gnu-toolchain/bin/../lib/gcc/avr/5.4.0/avr5\libgcc.a(_mulsi3.o)
 .data          0x00000000        0x0 c:/program files (x86)/atmel/studio/7.0/toolchain/avr8/avr8-gnu-toolchain/bin/../lib/gcc/avr/5.4.0/avr5\libgcc.a(_mulsi3.o)
 .bss           0x00000000        0x0 c:/program files (x86)/atmel/studio/7.0/toolchain/avr8/avr8-gnu-toolchain/bin/../lib/gcc/avr/5.4.0/avr5\libgcc.a(_mulsi3.o)
 .text.libgcc.mul
                0x00000000       0x20 c:/program files (x86)/atmel/studio/7.0/toolchain/avr8/avr8-gnu-toolchain/bin/../lib/gcc/avr/5.4.0/avr5\libgcc.a(_mulsi3.o)
 .text.libgcc.div
                0x00000000        0x0 c:/program files (x86)/atmel/studio/7.0/toolchain/avr8/avr8-gnu-toolchain/bin/../lib/gcc/avr/5.4.0/avr5\libgcc.a(_mulsi3.o)
 .text.libgcc   0x00000000        0x0 c:/program files (x86)/atmel/studio/7.0/toolchain/avr8/avr8-gnu-toolchain/bin/../lib/gcc/avr/5.4.0/avr5\libgcc.a(_mulsi3.o)
 .text.libgcc.prologue
                0x00000000        0x0 c:/program files (x86)/atmel/studio/7.0/toolchain/avr8/avr8-gnu-toolchain/bin/../lib/gcc/avr/5.4.0/avr5\libgcc.a(_mulsi3.o)
 .text.libgcc.builtins
                0x00000000        0x0 c:/program files (x86)/atmel/studio/7.0/toolchain/avr8/avr8-gnu-toolchain/bin/../lib/gcc/avr/5.4.0/avr5\libgcc.a(_mulsi3.o)
 .text.libgcc.fmul
                0x00000000        0x0 c:/program files (x86)/atmel/studio/7.0/toolchain/avr8/avr8-gnu-toolchain/bin/../lib/gcc/avr/5.4.0/avr5\libgcc.a(_mulsi3.o)
 .text.libgcc.fixed
                0x00000000        0x0 c:/program files (x86)/atmel/studio/7.0/toolchain/avr8/avr8-gnu-toolchain/bin/../lib/gcc/avr/5.4.0/avr5\libgcc.a(_mulsi3.o)
 .text          0x00000000        0x0 c:/program files (x86)/atmel/studio/7.0/toolchain/avr8/avr8-gnu-toolchain/bin/../lib/gcc/avr/5.4.0/avr5\libgcc.a(_udivmodsi4.o)
 .data          0x00000000        0x0 c:/program files (x86)/atmel/studio/7.0/toolchain/avr8/avr8-gnu-toolchain/bin/../lib/gcc/avr/5.4.0/avr5\libgcc.a(_udivmodsi4.o)
 .bss           0x00000000        0x0 c:/program files (x86)/atmel/studio/7.0/toolchain/avr8/avr8-gnu-toolchain/bin/../lib/gcc/avr/5.4.0/avr5\libgcc.a(_udivmodsi4.o)
 .text.libgcc.mul
                0x00000000        0x0 c:/program files (x86)/atmel/studio/7.0/toolchain/avr8/avr8-gnu-toolchain/bin/../lib/gcc/avr/5.4.0/avr5\libgcc.a(_udivmodsi4.o)
 .text.libgcc   0x00000000        0x0 c:/program files (x86)/atmel/studio/7.0/toolchain/avr8/avr8-gnu-toolchain/bin/../lib/gcc/avr/5.4.0/avr5\libgcc.a(_udivmodsi4.o)
 .text.libgcc.prologue
                0x00000000        0x0 c:/program files (x86)/atmel/studio/7.0/toolchain/avr8/avr8-gnu-toolchain/bin/../lib/gcc/avr/5.4.0/avr5\libgcc.a(_udivmodsi4.o)
 .text.libgcc.builtins
                0x00000000        0x0 c:/program files (x86)/atmel/studio/7.0/toolchain/avr8/avr8-gnu-toolchain/bin/../lib/gcc/avr/5.4.0/avr5\libgcc.a(_udivmodsi4.o)
 .text.libgcc.fmul
                0x00000000        0x0 c:/program files (x86)/atmel/studio/7.0/toolchain/avr8/avr8-gnu-toolchain/bin/../lib/gcc/avr/5.4.0/avr5\libgcc.a(_udivmodsi4.o)
 .text.libgcc.fixed
                0x00000000        0x0 c:/program files (x86)/atmel/studio/7.0/toolchain/avr8/avr8-gnu-toolchain/bin/../lib/gcc/avr/5.4.0/avr5\libgcc.a(_udivmodsi4.o)
 .text          0x00000000        0x0 c:/program files (x86)/atmel/studio/7.0/toolchain/avr8/avr8-gnu-toolchain/bin/../lib/gcc/avr/5.4.0/avr5\libgcc.a(_divmodsi4.o)
 .data          0x00000000        0x0 c:/program files (x86)/atmel/studio/7.0/toolchain/avr8/avr8-gnu-toolchain/bin/../lib/gcc/avr/5.4.0/avr5\libgcc.a(_divmodsi4.o)
 .bss           0x00000000        0x0 c:/program files (x86)/atmel/studio/7.0/toolchain/avr8/avr8-gnu-toolchain/bin/../lib/gcc/avr/5.4.0/avr5\libgcc.a(_divmodsi4.o)
 .text.libgcc.mul
                0x00000000        0x0 c:/program files (x86)/atmel/studio/7.0/toolchain/avr8/avr8-gnu-toolchain/bin/../lib/gcc/avr/5.4.0/avr5\libgcc.a(_divmodsi4.o)
 .text.libgcc.div
                0x00000000       0x2e c:/program files (x86)/atmel/studio/7.0/toolchain/avr8/avr8-gnu-toolchain/bin/../lib/gcc/avr/5.4.0/avr5\libgcc.a(_divmodsi4.o)
 .text.libgcc   0x00000000        0x0 c:/program files (x86)/atmel/studio/7.0/toolchain/avr8/avr8-gnu-toolchain/bin/../lib/gcc/avr/5.4.0/avr5\libgcc.a(_divmodsi4.o)
 .text.libgcc.prologue
                0x00000000        0x0 c:/program files (x86)/atmel/studio/7.0/toolchain/avr8/avr8-gnu-toolchain/bin/../lib/gcc/avr/5.4.0/avr5\libgcc.a(_divmodsi4.o)
 .text.libgcc.builtins
                0x00000000        0x0 c:/program files (x86)/atmel/studio/7.0/toolchain/avr8/avr8-gnu-toolchain/bin/../lib/gcc/avr/5.4.0/avr5\libgcc.a(_divmodsi4.o)
 .text.libgcc.fmul
                0x00000000        0x0 c:/program files (x86)/atmel/studio/7.0/toolchain/avr8/avr8-gnu-toolchain/bin/../lib/gcc/avr/5.4.0/avr5\libgcc.a(_divmodsi4.o)
 .text.libgcc.fixed
                0x00000000        0x0 c:/program files (x86)/atmel/studio/7.0/toolchain/avr8/avr8-gnu-toolchain/bin/../lib/gcc/avr/5.4.0/avr5\libgcc.a(_divmodsi4.o)
 .text          0x00000000        0x0 c:/program files (x86)/atmel/studio/7.0/toolchain/avr8/avr8-gnu-toolchain/bin/../lib/gcc/avr/5.4.0/avr5\libgcc.a(_negsi2.o)
 .data          0x00000000        0x0 c:/program files (x86)/atmel/studio/7.0/toolchain/avr8/avr8-gnu-toolchain/bin/../lib/gcc/avr/5.4.0/avr5\libgcc.a(_negsi2.o)
 .bss           0x00000000        0x0 c:/program files (x86)/atmel/studio/7.0/toolchain/avr8/avr8-gnu-toolchain/bin/../lib/gcc/avr/5.4.0/avr5\libgcc.a(_negsi2.o)
 .text.libgcc.mul
                0x00000000        0x0 c:/program files (x86)/atmel/studio/7.0/toolchain/avr8/avr8-gnu-toolchain/bin/../lib/gcc/avr/5.4.0/avr5\libgcc.a(_negsi2.o)
 .text.libgcc.div
                0x00000000       0x10 c:/program files (x86)/atmel/studio/7.0/toolchain/avr8/avr8-gnu-toolchain/bin/../lib/gcc/avr/5.4.0/avr5\libgcc.a(_negsi2.o)
 .text.libgcc   0x00000000        0x0 c:/program files (x86)/atmel/studio/7.0/toolchain/avr8/avr8-gnu-toolchain/bin/../lib/gcc/avr/5.4.0/avr5\libgcc.a(_negsi2.o)
 .text.libgcc.prologue
                0x00000000        0x0 c:/program files (x86)/atmel/studio/7.0/toolchain/avr8/avr8-gnu-toolchain/bin/../lib/gcc/avr/5.4.0/avr5\libgcc.a(_negsi2.o)
 .text.libgcc.builtins
                0x00000000        0x0 c:/program files (x86)/atmel/studio/7.0/toolchain/avr8/avr8-gnu-toolchain/bin/../lib/gcc/avr/5.4.0/avr5\libgcc.a(_negsi2.o)
 .text.libgcc.fmul
                0x00000000        0x0 c:/program files (x86)/atmel/studio/7.0/toolchain/avr8/avr8-gnu-toolchain/bin/../lib/gcc/avr/5.4.0/avr5\libgcc.a(_negsi2.o)
 .text.libgcc.fixed
                0x00000000        0x0 c:/program files (x86)/atmel/studio/7.0/toolchain/avr8/avr8-gnu-toolchain/bin/../lib/gcc/avr/5.4.0/avr5\libgcc.a(_negsi2.o)
 .text          0x00000000        0x0 c:/program files (x86)/atmel/studio/7.0/toolchain/avr8/avr8-gnu-toolchain/bin/../lib/gcc/avr/5.4.0/avr5\libgcc.a(_exit.o)
 .data          0x00000000        0x0 c:/program files (x86)/atmel/studio/7.0/toolchain/avr8/avr8-gnu-toolchain/bin/../lib/gcc/avr/5.4.0/avr5\libgcc.a(_exit.o)
 .bss           0x00000000        0x0 c:/program files (x86)/atmel/studio/7.0/toolchain/avr8/avr8-gnu-toolchain/bin/../lib/gcc/avr/5.4.0/avr5\libgcc.a(_exit.o)
 .text.libgcc.mul
                0x00000000        0x0 c:/program files (x86)/atmel/studio/7.0/toolchain/avr8/avr8-gnu-toolchain/bin/../lib/gcc/avr/5.4.0/avr5\libgcc.a(_exit.o)
 .text.libgcc.div
                0x00000000        0x0 c:/program files (x86)/atmel/studio/7.0/toolchain/avr8/avr8-gnu-toolchain/bin/../lib/gcc/avr/5.4.0/avr5\libgcc.a(_exit.o)
 .text.libgcc   0x00000000        0x0 c:/program files (x86)/atmel/studio/7.0/toolchain/avr8/avr8-gnu-toolchain/bin/../lib/gcc/avr/5.4.0/avr5\libgcc.a(_exit.o)
 .text.libgcc.prologue
                0x00000000        0x0 c:/program files (x86)/atmel/studio/7.0/toolchain/avr8/avr8-gnu-toolchain/bin/../lib/gcc/avr/5.4.0/avr5\libgcc.a(_exit.o)
 .text.libgcc.builtins
                0x00000000        0x0 c:/program files (x86)/atmel/studio/7.0/toolchain/avr8/avr8-gnu-toolchain/bin/../lib/gcc/avr/5.4.0/avr5\libgcc.a(_exit.o)
 .text.libgcc.fmul
                0x00000000        0x0 c:/program files (x86)/atmel/studio/7.0/toolchain/avr8/avr8-gnu-toolchain/bin/../lib/gcc/avr/5.4.0/avr5\libgcc.a(_exit.o)
 .text.libgcc.fixed
                0x00000000        0x0 c:/program files (x86)/atmel/studio/7.0/toolchain/avr8/avr8-gnu-toolchain/bin/../lib/gcc/avr/5.4.0/avr5\libgcc.a(_exit.o)
 .text          0x00000000        0x0 c:/program files (x86)/atmel/studio/7.0/toolchain/avr8/avr8-gnu-toolchain/bin/../lib/gcc/avr/5.4.0/avr5\libgcc.a(_copy_data.o)
 .data          0x00000000        0x0 c:/program files (x86)/atmel/studio/7.0/toolchain/avr8/avr8-gnu-toolchain/bin/../lib/gcc/avr/5.4.0/avr5\libgcc.a(_copy_data.o)
 .bss           0x00000000        0x0 c:/program files (x86)/atmel/studio/7.0/toolchain/avr8/avr8-gnu-toolchain/bin/../lib/gcc/avr/5.4.0/avr5\libgcc.a(_copy_data.o)
 .text.libgcc.mul
                0x00000000        0x0 c:/program files (x86)/atmel/studio/7.0/toolchain/avr8/avr8-gnu-toolchain/bin/../lib/gcc/avr/5.4.0/avr5\libgcc.a(_copy_data.o)
 .text.libgcc.div
                0x00000000        0x0 c:/program files (x86)/atmel/studio/7.0/toolchain/avr8/avr8-gnu-toolchain/bin/../lib/gcc/avr/5.4.0/avr5\libgcc.a(_copy_data.o)
 .text.libgcc   0x00000000        0x0 c:/program files (x86)/atmel/studio/7.0/toolchain/avr8/avr8-gnu-toolchain/bin/../lib/gcc/avr/5.4.0/avr5\libgcc.a(_copy_data.o)
 .text.libgcc.prologue
                0x00000000        0x0 c:/program files (x86)/atmel/studio/7.0/toolchain/avr8/avr8-gnu-toolchain/bin/../lib/gcc/avr/5.4.0/avr5\libgcc.a(_copy_data.o)
 .text.libgcc.builtins
                0x00000000        0x0 c:/program files (x86)/atmel/studio/7.0/toolchain/avr8/avr8-gnu-toolchain/bin/../lib/gcc/avr/5.4.0/avr5\libgcc.a(_copy_data.o)
 .text.libgcc.fmul
                0x00000000        0x0 c:/program files (x86)/atmel/studio/7.0/toolchain/avr8/avr8-gnu-toolchain/bin/../lib/gcc/avr/5.4.0/avr5\libgcc.a(_copy_data.o)
 .text.libgcc.fixed
                0x00000000        0x0 c:/program files (x86)/atmel/studio/7.0/toolchain/avr8/avr8-gnu-toolchain/bin/../lib/gcc/avr/5.4.0/avr5\libgcc.a(_copy_data.o)
 .text          0x00000000        0x0 c:/program files (x86)/atmel/studio/7.0/toolchain/avr8/avr8-gnu-toolchain/bin/../lib/gcc/avr/5.4.0/avr5\libgcc.a(_clear_bss.o)
 .data          0x00000000        0x0 c:/program files (x86)/atmel/studio/7.0/toolchain/avr8/avr8-gnu-toolchain/bin/../lib/gcc/avr/5.4.0/avr5\libgcc.a(_clear_bss.o)
 .bss           0x00000000        0x0 c:/program files (x86)/atmel/studio/7.0/toolchain/avr8/avr8-gnu-toolchain/bin/../lib/gcc/avr/5.4.0/avr5\libgcc.a(_clear_bss.o)
 .text.libgcc.mul
                0x00000000        0x0 c:/program files (x86)/atmel/studio/7.0/toolchain/avr8/avr8-gnu-toolchain/bin/../lib/gcc/avr/5.4.0/avr5\libgcc.a(_clear_bss.o)
 .text.libgcc.div
                0x00000000        0x0 c:/program files (x86)/atmel/studio/7.0/toolchain/avr8/avr8-gnu-toolchain/bin/../lib/gcc/avr/5.4.0/avr5\libgcc.a(_clear_bss.o)
 .text.libgcc   0x00000000        0x0 c:/program files (x86)/atmel/studio/7.0/toolchain/avr8/avr8-gnu-toolchain/bin/../lib/gcc/avr/5.4.0/avr5\libgcc.a(_clear_bss.o)
 .text.libgcc.prologue
                0x00000000        0x0 c:/program files (x86)/atmel/studio/7.0/toolchain/avr8/avr8-gnu-toolchain/bin/../lib/gcc/avr/5.4.0/avr5\libgcc.a(_clear_bss.o)
 .text.libgcc.builtins
                0x00000000        0x0 c:/program files (x86)/atmel/studio/7.0/toolchain/avr8/avr8-gnu-toolchain/bin/../lib/gcc/avr/5.4.0/avr5\libgcc.a(_clear_bss.o)
 .text.libgcc.fmul
                0x00000000        0x0 c:/program files (x86)/atmel/studio/7.0/toolchain/avr8/avr8-gnu-toolchain/bin/../lib/gcc/avr/5.4.0/avr5\libgcc.a(_clear_bss.o)
 .text.libgcc.fixed
                0x00000000        0x0 c:/program files (x86)/atmel/studio/7.0/toolchain/avr8/avr8-gnu-toolchain/bin/../lib/gcc/avr/5.4.0/avr5\libgcc.a(_clear_bss.o)
 .text          0x00000000        0x0 c:/program files (x86)/atmel/studio/7.0/toolchain/avr8/avr8-gnu-toolchain/bin/../lib/gcc/avr/5.4.0/avr5\libgcc.a(_umulhisi3.o)
 .data          0x00000000        0x0 c:/program files (x86)/atmel/studio/7.0/toolchain/avr8/avr8-gnu-toolchain/bin/../lib/gcc/avr/5.4.0/avr5\libgcc.a(_umulhisi3.o)
 .bss           0x00000000        0x0 c:/program files (x86)/atmel/studio/7.0/toolchain/avr8/avr8-gnu-toolchain/bin/../lib/gcc/avr/5.4.0/avr5\libgcc.a(_umulhisi3.o)
 .text.libgcc.div
                0x00000000        0x0 c:/program files (x86)/atmel/studio/7.0/toolchain/avr8/avr8-gnu-toolchain/bin/../lib/gcc/avr/5.4.0/avr5\libgcc.a(_umulhisi3.o)
 .text.libgcc   0x00000000        0x0 c:/program files (x86)/atmel/studio/7.0/toolchain/avr8/avr8-gnu-toolchain/bin/../lib/gcc/avr/5.4.0/avr5\libgcc.a(_umulhisi3.o)
 .text.libgcc.prologue
                0x00000000        0x0 c:/program files (x86)/atmel/studio/7.0/toolchain/avr8/avr8-gnu-toolchain/bin/../lib/gcc/avr/5.4.0/avr5\libgcc.a(_umulhisi3.o)
 .text.libgcc.builtins
                0x00000000        0x0 c:/program files (x86)/atmel/studio/7.0/toolchain/avr8/avr8-gnu-toolchain/bin/../lib/gcc/avr/5.4.0/avr5\libgcc.a(_umulhisi3.o)
 .text.libgcc.fmul
                0x00000000        0x0 c:/program files (x86)/atmel/studio/7.0/toolchain/avr8/avr8-gnu-toolchain/bin/../lib/gcc/avr/5.4.0/avr5\libgcc.a(_umulhisi3.o)
 .text.libgcc.fixed
                0x00000000        0x0 c:/program files (x86)/atmel/studio/7.0/toolchain/avr8/avr8-gnu-toolchain/bin/../lib/gcc/avr/5.4.0/avr5\libgcc.a(_umulhisi3.o)
 .text          0x00000000        0x0 c:/program files (x86)/atmel/studio/7.0/toolchain/avr8/avr8-gnu-toolchain/bin/../lib/gcc/avr/5.4.0/avr5\libgcc.a(_muluhisi3.o)
 .data          0x00000000        0x0 c:/program files (x86)/atmel/studio/7.0/toolchain/avr8/avr8-gnu-toolchain/bin/../lib/gcc/avr/5.4.0/avr5\libgcc.a(_muluhisi3.o)
 .bss           0x00000000        0x0 c:/program files (x86)/atmel/studio/7.0/toolchain/avr8/avr8-gnu-toolchain/bin/../lib/gcc/avr/5.4.0/avr5\libgcc.a(_muluhisi3.o)
 .text.libgcc.mul
                0x00000000       0x16 c:/program files (x86)/atmel/studio/7.0/toolchain/avr8/avr8-gnu-toolchain/bin/../lib/gcc/avr/5.4.0/avr5\libgcc.a(_muluhisi3.o)
 .text.libgcc.div
                0x00000000        0x0 c:/program files (x86)/atmel/studio/7.0/toolchain/avr8/avr8-gnu-toolchain/bin/../lib/gcc/avr/5.4.0/avr5\libgcc.a(_muluhisi3.o)
 .text.libgcc   0x00000000        0x0 c:/program files (x86)/atmel/studio/7.0/toolchain/avr8/avr8-gnu-toolchain/bin/../lib/gcc/avr/5.4.0/avr5\libgcc.a(_muluhisi3.o)
 .text.libgcc.prologue
                0x00000000        0x0 c:/program files (x86)/atmel/studio/7.0/toolchain/avr8/avr8-gnu-toolchain/bin/../lib/gcc/avr/5.4.0/avr5\libgcc.a(_muluhisi3.o)
 .text.libgcc.builtins
                0x00000000        0x0 c:/program files (x86)/atmel/studio/7.0/toolchain/avr8/avr8-gnu-toolchain/bin/../lib/gcc/avr/5.4.0/avr5\libgcc.a(_muluhisi3.o)
 .text.libgcc.fmul
                0x00000000        0x0 c:/program files (x86)/atmel/studio/7.0/toolchain/avr8/avr8-gnu-toolchain/bin/../lib/gcc/avr/5.4.0/avr5\libgcc.a(_muluhisi3.o)
 .text.libgcc.fixed
                0x00000000        0x0 c:/program files (x86)/atmel/studio/7.0/toolchain/avr8/avr8-gnu-toolchain/bin/../lib/gcc/avr/5.4.0/avr5\libgcc.a(_muluhisi3.o)

Memory Configuration

Name             Origin             Length             Attributes
text             0x00000000         0x00008000         xr
data             0x00800060         0x00000800         rw !x
eeprom           0x00810000         0x00000400         rw !x
fuse             0x00820000         0x00000002         rw !x
lock             0x00830000         0x00000400         rw !x
signature        0x00840000         0x00000400         rw !x
user_signatures  0x00850000         0x00000400         rw !x
*default*        0x00000000         0xffffffff

Linker script and memory map

LOAD C:/Program Files (x86)/Atmel/Studio/7.0/Packs/atmel/ATmega_DFP/1.7.374/gcc/dev/atmega32/avr5/crtatmega32.o
LOAD APP/Calculator/Calculator_Prog.o
LOAD APP/Login System/Login_Prog.o
LOAD APP/main.o
LOAD APP/POV/POV_Prog.o
LOAD APP/Shooting/ShootingGame_Prog.o
LOAD APP/SmartHome_V1/SmartHome_Prog.o
LOAD APP/SmartHome_V2/Home_Prog.o
LOAD APP/Traffic_Light_V0/Trafic_Ligh_Prog.o
LOAD APP/Traffic_Light_V1/TrafficLight_V1_Porg.o
LOAD HAL/HexDecoder/HexDec_Prog.o
LOAD HAL/ICU/ICU_Prog.o
LOAD HAL/KeyPad/KeyPad_Prog.o
LOAD HAL/LCD/LCD_Prog.o
LOAD HAL/LED/LED_Config.o
LOAD HAL/LED/LED_Prog.o
LOAD HAL/ServoMotor/Servo_Config.o
LOAD HAL/ServoMotor/Servo_Prog.o
LOAD HAL/Switch/Switch_Config.o
LOAD HAL/Switch/Switch_Porg.o
LOAD MCAL/ADC/ADC_Prog.o
LOAD MCAL/DIO/DIO_Prog.o
LOAD MCAL/EXTI/EXTI_Config.o
LOAD MCAL/EXTI/EXTI_Prog.o
LOAD MCAL/GIE/GIE_Prog.o
LOAD MCAL/Timers/Timer0/Timer0_Porg.o
LOAD MCAL/Timers/Timer1_PWM/PWM_Prog.o
LOAD MCAL/Timers/Timer2/Timer2_Prog.o
START GROUP
LOAD c:/program files (x86)/atmel/studio/7.0/toolchain/avr8/avr8-gnu-toolchain/bin/../lib/gcc/avr/5.4.0/../../../../avr/lib/avr5\libm.a
END GROUP
START GROUP
LOAD c:/program files (x86)/atmel/studio/7.0/toolchain/avr8/avr8-gnu-toolchain/bin/../lib/gcc/avr/5.4.0/avr5\libgcc.a
LOAD c:/program files (x86)/atmel/studio/7.0/toolchain/avr8/avr8-gnu-toolchain/bin/../lib/gcc/avr/5.4.0/../../../../avr/lib/avr5\libm.a
LOAD c:/program files (x86)/atmel/studio/7.0/toolchain/avr8/avr8-gnu-toolchain/bin/../lib/gcc/avr/5.4.0/../../../../avr/lib/avr5\libc.a
LOAD C:/Program Files (x86)/Atmel/Studio/7.0/Packs/atmel/ATmega_DFP/1.7.374/gcc/dev/atmega32/avr5\libatmega32.a
END GROUP
                0x00000000                __TEXT_REGION_ORIGIN__ = DEFINED (__TEXT_REGION_ORIGIN__)?__TEXT_REGION_ORIGIN__:0x0
                [0x00800060]                __DATA_REGION_ORIGIN__ = DEFINED (__DATA_REGION_ORIGIN__)?__DATA_REGION_ORIGIN__:0x800060
                [0x00008000]                __TEXT_REGION_LENGTH__ = DEFINED (__TEXT_REGION_LENGTH__)?__TEXT_REGION_LENGTH__:0x20000
                [0x00000800]                __DATA_REGION_LENGTH__ = DEFINED (__DATA_REGION_LENGTH__)?__DATA_REGION_LENGTH__:0xffa0
                [0x00000400]                __EEPROM_REGION_LENGTH__ = DEFINED (__EEPROM_REGION_LENGTH__)?__EEPROM_REGION_LENGTH__:0x10000
                [0x00000002]                __FUSE_REGION_LENGTH__ = DEFINED (__FUSE_REGION_LENGTH__)?__FUSE_REGION_LENGTH__:0x400
                0x00000400                __LOCK_REGION_LENGTH__ = DEFINED (__LOCK_REGION_LENGTH__)?__LOCK_REGION_LENGTH__:0x400
                0x00000400                __SIGNATURE_REGION_LENGTH__ = DEFINED (__SIGNATURE_REGION_LENGTH__)?__SIGNATURE_REGION_LENGTH__:0x400
                0x00000400                __USER_SIGNATURE_REGION_LENGTH__ = DEFINED (__USER_SIGNATURE_REGION_LENGTH__)?__USER_SIGNATURE_REGION_LENGTH__:0x400

.hash
 *(.hash)

.dynsym
 *(.dynsym)

.dynstr
 *(.dynstr)

.gnu.version
 *(.gnu.version)

.gnu.version_d
 *(.gnu.version_d)

.gnu.version_r
 *(.gnu.version_r)

.rel.init
 *(.rel.init)

.rela.init
 *(.rela.init)

.rel.text
 *(.rel.text)
 *(.rel.text.*)
 *(.rel.gnu.linkonce.t*)

.rela.text
 *(.rela.text)
 *(.rela.text.*)
 *(.rela.gnu.linkonce.t*)

.rel.fini
 *(.rel.fini)

.rela.fini
 *(.rela.fini)

.rel.rodata
 *(.rel.rodata)
 *(.rel.rodata.*)
 *(.rel.gnu.linkonce.r*)

.rela.rodata
 *(.rela.rodata)
 *(.rela.rodata.*)
 *(.rela.gnu.linkonce.r*)

.rel.data
 *(.rel.data)
 *(.rel.data.*)
 *(.rel.gnu.linkonce.d*)

.rela.data
 *(.rela.data)
 *(.rela.data.*)
 *(.rela.gnu.linkonce.d*)

.rel.ctors
 *(.rel.ctors)

.rela.ctors
 *(.rela.ctors)

.rel.dtors
 *(.rel.dtors)

.rela.dtors
 *(.rela.dtors)

.rel.got
 *(.rel.got)

.rela.got
 *(.rela.got)

.rel.bss
 *(.rel.bss)

.rela.bss
 *(.rela.bss)

.rel.plt
 *(.rel.plt)

.rela.plt
 *(.rela.plt)

.text           0x00000000     0x1c9c
 *(.vectors)
 .vectors       0x00000000       0x54 C:/Program Files (x86)/Atmel/Studio/7.0/Packs/atmel/ATmega_DFP/1.7.374/gcc/dev/atmega32/avr5/crtatmega32.o
                0x00000000                __vector_default
                0x00000000                __vectors
 *(.vectors)
 *(.progmem.gcc*)
                0x00000054                . = ALIGN (0x2)
                0x00000054                __trampolines_start = .
 *(.trampolines)
 .trampolines   0x00000054        0x0 linker stubs
 *(.trampolines*)
                0x00000054                __trampolines_end = .
 *libprintf_flt.a:*(.progmem.data)
 *libc.a:*(.progmem.data)
 *(.progmem*)
                0x00000054                . = ALIGN (0x2)
 *(.jumptables)
 *(.jumptables*)
 *(.lowtext)
 *(.lowtext*)
                0x00000054                __ctors_start = .
 *(.ctors)
                0x00000054                __ctors_end = .
                0x00000054                __dtors_start = .
 *(.dtors)
                0x00000054                __dtors_end = .
 SORT(*)(.ctors)
 SORT(*)(.dtors)
 *(.init0)
 .init0         0x00000054        0x0 C:/Program Files (x86)/Atmel/Studio/7.0/Packs/atmel/ATmega_DFP/1.7.374/gcc/dev/atmega32/avr5/crtatmega32.o
                0x00000054                __init
 *(.init0)
 *(.init1)
 *(.init1)
 *(.init2)
 .init2         0x00000054        0xc C:/Program Files (x86)/Atmel/Studio/7.0/Packs/atmel/ATmega_DFP/1.7.374/gcc/dev/atmega32/avr5/crtatmega32.o
 *(.init2)
 *(.init3)
 *(.init3)
 *(.init4)
 .init4         0x00000060       0x16 c:/program files (x86)/atmel/studio/7.0/toolchain/avr8/avr8-gnu-toolchain/bin/../lib/gcc/avr/5.4.0/avr5\libgcc.a(_copy_data.o)
                0x00000060                __do_copy_data
 .init4         0x00000076       0x10 c:/program files (x86)/atmel/studio/7.0/toolchain/avr8/avr8-gnu-toolchain/bin/../lib/gcc/avr/5.4.0/avr5\libgcc.a(_clear_bss.o)
                0x00000076                __do_clear_bss
 *(.init4)
 *(.init5)
 *(.init5)
 *(.init6)
 *(.init6)
 *(.init7)
 *(.init7)
 *(.init8)
 *(.init8)
 *(.init9)
 .init9         0x00000086        0x8 C:/Program Files (x86)/Atmel/Studio/7.0/Packs/atmel/ATmega_DFP/1.7.374/gcc/dev/atmega32/avr5/crtatmega32.o
 *(.init9)
 *(.text)
 .text          0x0000008e        0x4 C:/Program Files (x86)/Atmel/Studio/7.0/Packs/atmel/ATmega_DFP/1.7.374/gcc/dev/atmega32/avr5/crtatmega32.o
                0x0000008e                __vector_12
                0x0000008e                __bad_interrupt
                0x0000008e                __vector_6
                0x0000008e                __vector_13
                0x0000008e                __vector_17
                0x0000008e                __vector_19
                0x0000008e                __vector_7
                0x0000008e                __vector_5
                0x0000008e                __vector_4
                0x0000008e                __vector_9
                0x0000008e                __vector_15
                0x0000008e                __vector_8
                0x0000008e                __vector_14
                0x0000008e                __vector_18
                0x0000008e                __vector_20
                0x00000092                . = ALIGN (0x2)
 *(.text.*)
 .text.main     0x00000092       0x28 APP/main.o
                0x00000092                main
 .text.Servo_Map
                0x000000ba       0x3e APP/SmartHome_V2/Home_Prog.o
                0x000000ba                Servo_Map
 .text.Home_enuInit
                0x000000f8       0x1c APP/SmartHome_V2/Home_Prog.o
                0x000000f8                Home_enuInit
 .text.enuLedSystem
                0x00000114        0x8 APP/SmartHome_V2/Home_Prog.o
                0x00000114                enuLedSystem
 .text.enuServoSystem
                0x0000011c       0x3a APP/SmartHome_V2/Home_Prog.o
                0x0000011c                enuServoSystem
 .text.enuHomeWelcomeScreen
                0x00000156       0x7c APP/SmartHome_V2/Home_Prog.o
                0x00000156                enuHomeWelcomeScreen
 .text.enuHomePortalMaster
                0x000001d2       0xa8 APP/SmartHome_V2/Home_Prog.o
                0x000001d2                enuHomePortalMaster
 .text.enuHomeLoginScreen
                0x0000027a      0x140 APP/SmartHome_V2/Home_Prog.o
                0x0000027a                enuHomeLoginScreen
 .text.enuHomeThiefScreen
                0x000003ba       0x82 APP/SmartHome_V2/Home_Prog.o
                0x000003ba                enuHomeThiefScreen
 .text.enuHomeMainScreen
                0x0000043c       0x6e APP/SmartHome_V2/Home_Prog.o
                0x0000043c                enuHomeMainScreen
 .text.enuHomeLivingRoomScreen
                0x000004aa       0x88 APP/SmartHome_V2/Home_Prog.o
                0x000004aa                enuHomeLivingRoomScreen
 .text.enuHomeBedRoomScreen
                0x00000532       0x72 APP/SmartHome_V2/Home_Prog.o
                0x00000532                enuHomeBedRoomScreen
 .text.enuHomeMenuSubScreen
                0x000005a4       0x6e APP/SmartHome_V2/Home_Prog.o
                0x000005a4                enuHomeMenuSubScreen
 .text.enuHomeKitchenScreen
                0x00000612       0x88 APP/SmartHome_V2/Home_Prog.o
                0x00000612                enuHomeKitchenScreen
 .text.enuHomeGateScreen
                0x0000069a       0x74 APP/SmartHome_V2/Home_Prog.o
                0x0000069a                enuHomeGateScreen
 .text.Home_enuStart
                0x0000070e       0x64 APP/SmartHome_V2/Home_Prog.o
                0x0000070e                Home_enuStart
 .text.KEYPAD_enuInit
                0x00000772      0x104 HAL/KeyPad/KeyPad_Prog.o
                0x00000772                KEYPAD_enuInit
 .text.KEYPAD_enuRead
                0x00000876      0x1d6 HAL/KeyPad/KeyPad_Prog.o
                0x00000876                KEYPAD_enuRead
 .text.enuWriteNLacth
                0x00000a4c      0x140 HAL/LCD/LCD_Prog.o
 .text.enuDisplayNum
                0x00000b8c       0xae HAL/LCD/LCD_Prog.o
 .text.LCD_enuInit
                0x00000c3a      0x142 HAL/LCD/LCD_Prog.o
                0x00000c3a                LCD_enuInit
 .text.LCD_enuSendCommand
                0x00000d7c       0x4c HAL/LCD/LCD_Prog.o
                0x00000d7c                LCD_enuSendCommand
 .text.LCD_enuSendData
                0x00000dc8       0x4c HAL/LCD/LCD_Prog.o
                0x00000dc8                LCD_enuSendData
 .text.LCD_enuSendString
                0x00000e14       0x34 HAL/LCD/LCD_Prog.o
                0x00000e14                LCD_enuSendString
 .text.LCD_enuSetCursor
                0x00000e48       0x4a HAL/LCD/LCD_Prog.o
                0x00000e48                LCD_enuSetCursor
 .text.LCD_enuDisplaySpecialPattern
                0x00000e92       0xc0 HAL/LCD/LCD_Prog.o
                0x00000e92                LCD_enuDisplaySpecialPattern
 .text.LCD_enuDisplayIntNumbers
                0x00000f52       0x42 HAL/LCD/LCD_Prog.o
                0x00000f52                LCD_enuDisplayIntNumbers
 .text.LED_enuInit
                0x00000f94       0x30 HAL/LED/LED_Prog.o
                0x00000f94                LED_enuInit
 .text.LED_enuToggle
                0x00000fc4       0x22 HAL/LED/LED_Prog.o
                0x00000fc4                LED_enuToggle
 .text.__vector_16
                0x00000fe6       0x5a MCAL/ADC/ADC_Prog.o
                0x00000fe6                __vector_16
 .text.DIO_enuSetPinMode
                0x00001040      0x10c MCAL/DIO/DIO_Prog.o
                0x00001040                DIO_enuSetPinMode
 .text.DIO_enuSetPinValue
                0x0000114c      0x10c MCAL/DIO/DIO_Prog.o
                0x0000114c                DIO_enuSetPinValue
 .text.DIO_enuToggleBit
                0x00001258       0x84 MCAL/DIO/DIO_Prog.o
                0x00001258                DIO_enuToggleBit
 .text.DIO_enuReadBit
                0x000012dc       0x8e MCAL/DIO/DIO_Prog.o
                0x000012dc                DIO_enuReadBit
 .text.__vector_1
                0x0000136a       0x52 MCAL/EXTI/EXTI_Prog.o
                0x0000136a                __vector_1
 .text.__vector_2
                0x000013bc       0x52 MCAL/EXTI/EXTI_Prog.o
                0x000013bc                __vector_2
 .text.__vector_3
                0x0000140e       0x52 MCAL/EXTI/EXTI_Prog.o
                0x0000140e                __vector_3
 .text.enu_Calculate_CTC_Mode
                0x00001460       0xda MCAL/Timers/Timer0/Timer0_Porg.o
 .text.Timer0_enuInit
                0x0000153a       0x28 MCAL/Timers/Timer0/Timer0_Porg.o
                0x0000153a                Timer0_enuInit
 .text.Timer0_enuPolling_SetTimer
                0x00001562       0x6a MCAL/Timers/Timer0/Timer0_Porg.o
                0x00001562                Timer0_enuPolling_SetTimer
 .text.__vector_10
                0x000015cc       0x86 MCAL/Timers/Timer0/Timer0_Porg.o
                0x000015cc                __vector_10
 .text.__vector_11
                0x00001652       0x8a MCAL/Timers/Timer0/Timer0_Porg.o
                0x00001652                __vector_11
 .text.enu_SetPwm
                0x000016dc       0x4c MCAL/Timers/Timer1_PWM/PWM_Prog.o
 .text.PWM_enuInit
                0x00001728       0x5e MCAL/Timers/Timer1_PWM/PWM_Prog.o
                0x00001728                PWM_enuInit
 .text.PWM_enuGeneratePWM_FixedFreq
                0x00001786       0x54 MCAL/Timers/Timer1_PWM/PWM_Prog.o
                0x00001786                PWM_enuGeneratePWM_FixedFreq
 .text.Timer2_enuInit
                0x000017da       0x28 MCAL/Timers/Timer2/Timer2_Prog.o
                0x000017da                Timer2_enuInit
 .text.Timer2_enuGeneratePWM
                0x00001802       0x22 MCAL/Timers/Timer2/Timer2_Prog.o
                0x00001802                Timer2_enuGeneratePWM
 .text.avr-libc.fplib
                0x00001824        0xe c:/program files (x86)/atmel/studio/7.0/toolchain/avr8/avr8-gnu-toolchain/bin/../lib/gcc/avr/5.4.0/../../../../avr/lib/avr5\libm.a(addsf3.o)
                0x00001824                __subsf3
                0x00001826                __addsf3
 .text.avr-libc.fplib
                0x00001832       0xcc c:/program files (x86)/atmel/studio/7.0/toolchain/avr8/avr8-gnu-toolchain/bin/../lib/gcc/avr/5.4.0/../../../../avr/lib/avr5\libm.a(addsf3x.o)
                0x00001854                __addsf3x
 .text.avr-libc.fplib
                0x000018fe        0x8 c:/program files (x86)/atmel/studio/7.0/toolchain/avr8/avr8-gnu-toolchain/bin/../lib/gcc/avr/5.4.0/../../../../avr/lib/avr5\libm.a(divsf3.o)
                0x000018fe                __divsf3
 .text.avr-libc.fplib
                0x00001906       0xdc c:/program files (x86)/atmel/studio/7.0/toolchain/avr8/avr8-gnu-toolchain/bin/../lib/gcc/avr/5.4.0/../../../../avr/lib/avr5\libm.a(divsf3x.o)
                0x00001926                __divsf3x
                0x0000192c                __divsf3_pse
 .text.avr-libc.fplib
                0x000019e2       0x5e c:/program files (x86)/atmel/studio/7.0/toolchain/avr8/avr8-gnu-toolchain/bin/../lib/gcc/avr/5.4.0/../../../../avr/lib/avr5\libm.a(fixunssfsi.o)
                0x000019e2                __fixunssfsi
 .text.avr-libc.fplib
                0x00001a40       0x7a c:/program files (x86)/atmel/studio/7.0/toolchain/avr8/avr8-gnu-toolchain/bin/../lib/gcc/avr/5.4.0/../../../../avr/lib/avr5\libm.a(floatsisf.o)
                0x00001a40                __floatunsisf
                0x00001a44                __floatsisf
 .text.avr-libc.fplib
                0x00001aba        0xc c:/program files (x86)/atmel/studio/7.0/toolchain/avr8/avr8-gnu-toolchain/bin/../lib/gcc/avr/5.4.0/../../../../avr/lib/avr5\libm.a(fp_inf.o)
                0x00001aba                __fp_inf
 .text.avr-libc.fplib
                0x00001ac6        0x6 c:/program files (x86)/atmel/studio/7.0/toolchain/avr8/avr8-gnu-toolchain/bin/../lib/gcc/avr/5.4.0/../../../../avr/lib/avr5\libm.a(fp_nan.o)
                0x00001ac6                __fp_nan
 .text.avr-libc.fplib
                0x00001acc        0xe c:/program files (x86)/atmel/studio/7.0/toolchain/avr8/avr8-gnu-toolchain/bin/../lib/gcc/avr/5.4.0/../../../../avr/lib/avr5\libm.a(fp_pscA.o)
                0x00001acc                __fp_pscA
 .text.avr-libc.fplib
                0x00001ada        0xe c:/program files (x86)/atmel/studio/7.0/toolchain/avr8/avr8-gnu-toolchain/bin/../lib/gcc/avr/5.4.0/../../../../avr/lib/avr5\libm.a(fp_pscB.o)
                0x00001ada                __fp_pscB
 .text.avr-libc.fplib
                0x00001ae8       0x22 c:/program files (x86)/atmel/studio/7.0/toolchain/avr8/avr8-gnu-toolchain/bin/../lib/gcc/avr/5.4.0/../../../../avr/lib/avr5\libm.a(fp_round.o)
                0x00001ae8                __fp_round
 .text.avr-libc.fplib
                0x00001b0a       0x44 c:/program files (x86)/atmel/studio/7.0/toolchain/avr8/avr8-gnu-toolchain/bin/../lib/gcc/avr/5.4.0/../../../../avr/lib/avr5\libm.a(fp_split3.o)
                0x00001b0a                __fp_split3
                0x00001b1a                __fp_splitA
 .text.avr-libc.fplib
                0x00001b4e        0xe c:/program files (x86)/atmel/studio/7.0/toolchain/avr8/avr8-gnu-toolchain/bin/../lib/gcc/avr/5.4.0/../../../../avr/lib/avr5\libm.a(fp_zero.o)
                0x00001b4e                __fp_zero
                0x00001b50                __fp_szero
 .text.avr-libc.fplib
                0x00001b5c        0x8 c:/program files (x86)/atmel/studio/7.0/toolchain/avr8/avr8-gnu-toolchain/bin/../lib/gcc/avr/5.4.0/../../../../avr/lib/avr5\libm.a(mulsf3.o)
                0x00001b5c                __mulsf3
 .text.avr-libc.fplib
                0x00001b64       0xd2 c:/program files (x86)/atmel/studio/7.0/toolchain/avr8/avr8-gnu-toolchain/bin/../lib/gcc/avr/5.4.0/../../../../avr/lib/avr5\libm.a(mulsf3x.o)
                0x00001b82                __mulsf3x
                0x00001b88                __mulsf3_pse
 .text.libgcc.div
                0x00001c36       0x44 c:/program files (x86)/atmel/studio/7.0/toolchain/avr8/avr8-gnu-toolchain/bin/../lib/gcc/avr/5.4.0/avr5\libgcc.a(_udivmodsi4.o)
                0x00001c36                __udivmodsi4
 .text.libgcc.mul
                0x00001c7a       0x1e c:/program files (x86)/atmel/studio/7.0/toolchain/avr8/avr8-gnu-toolchain/bin/../lib/gcc/avr/5.4.0/avr5\libgcc.a(_umulhisi3.o)
                0x00001c7a                __umulhisi3
                0x00001c98                . = ALIGN (0x2)
 *(.fini9)
 .fini9         0x00001c98        0x0 c:/program files (x86)/atmel/studio/7.0/toolchain/avr8/avr8-gnu-toolchain/bin/../lib/gcc/avr/5.4.0/avr5\libgcc.a(_exit.o)
                0x00001c98                _exit
                0x00001c98                exit
 *(.fini9)
 *(.fini8)
 *(.fini8)
 *(.fini7)
 *(.fini7)
 *(.fini6)
 *(.fini6)
 *(.fini5)
 *(.fini5)
 *(.fini4)
 *(.fini4)
 *(.fini3)
 *(.fini3)
 *(.fini2)
 *(.fini2)
 *(.fini1)
 *(.fini1)
 *(.fini0)
 .fini0         0x00001c98        0x4 c:/program files (x86)/atmel/studio/7.0/toolchain/avr8/avr8-gnu-toolchain/bin/../lib/gcc/avr/5.4.0/avr5\libgcc.a(_exit.o)
 *(.fini0)
                0x00001c9c                _etext = .

.data           0x00800060      0x108 load address 0x00001c9c
                0x00800060                PROVIDE (__data_start, .)
 *(.data)
 *(.data*)
 .data.local_u8_led_max
                0x00800060        0x1 HAL/LED/LED_Config.o
                0x00800060                local_u8_led_max
 .data.local_astr_led_config
                0x00800061        0xa HAL/LED/LED_Config.o
                0x00800061                local_astr_led_config
 *(.gnu.linkonce.d*)
 *(.rodata)
 .rodata        0x0080006b        0x8 APP/SmartHome_V2/Home_Prog.o
 .rodata        0x00800073       0x10 HAL/KeyPad/KeyPad_Prog.o
 *(.rodata*)
 .rodata.str1.1
                0x00800083       0xb5 APP/SmartHome_V2/Home_Prog.o
 .rodata.Home_au8_thief
                0x00800138       0x28 APP/SmartHome_V2/Home_Prog.o
 .rodata.LCD_u8_PATTERNS
                0x00800160        0x8 HAL/LCD/LCD_Prog.o
 *(.gnu.linkonce.r*)
                0x00800168                . = ALIGN (0x2)
                0x00800168                _edata = .
                0x00800168                PROVIDE (__data_end, .)

.bss            0x00800168       0x1c
                0x00800168                PROVIDE (__bss_start, .)
 *(.bss)
 *(.bss*)
 .bss.Home_u8_Wrong_Pass_Counter
                0x00800168        0x1 APP/SmartHome_V2/Home_Prog.o
                0x00800168                Home_u8_Wrong_Pass_Counter
 .bss.Home_u8_Screen_Counter
                0x00800169        0x1 APP/SmartHome_V2/Home_Prog.o
                0x00800169                Home_u8_Screen_Counter
 .bss.local_pvid_parameter
                0x0080016a        0x2 MCAL/ADC/ADC_Prog.o
 .bss.local_pvid_fun
                0x0080016c        0x2 MCAL/ADC/ADC_Prog.o
 .bss.GLOBAL_FUNCTION_ISR_PTRs
                0x0080016e        0x6 MCAL/EXTI/EXTI_Prog.o
 .bss.local_u16_count.1703
                0x00800174        0x2 MCAL/Timers/Timer0/Timer0_Porg.o
 .bss.local_u16_interrupts.1700
                0x00800176        0x2 MCAL/Timers/Timer0/Timer0_Porg.o
 .bss.local_pvid_parameter
                0x00800178        0x2 MCAL/Timers/Timer0/Timer0_Porg.o
 .bss.local_pvid_fun
                0x0080017a        0x8 MCAL/Timers/Timer0/Timer0_Porg.o
 .bss.Timer0_U16_CTC_Interrupts
                0x00800182        0x2 MCAL/Timers/Timer0/Timer0_Porg.o
 *(COMMON)
                0x00800184                PROVIDE (__bss_end, .)
                0x00001c9c                __data_load_start = LOADADDR (.data)
                0x00001da4                __data_load_end = (__data_load_start + SIZEOF (.data))

.noinit         0x00800184        0x0
                [!provide]                PROVIDE (__noinit_start, .)
 *(.noinit*)
                [!provide]                PROVIDE (__noinit_end, .)
                0x00800184                _end = .
                [!provide]                PROVIDE (__heap_start, .)

.eeprom         0x00810000        0x0
 *(.eeprom*)
                0x00810000                __eeprom_end = .

.fuse
 *(.fuse)
 *(.lfuse)
 *(.hfuse)
 *(.efuse)

.lock
 *(.lock*)

.signature
 *(.signature*)

.user_signatures
 *(.user_signatures*)

.stab
 *(.stab)

.stabstr
 *(.stabstr)

.stab.excl
 *(.stab.excl)

.stab.exclstr
 *(.stab.exclstr)

.stab.index
 *(.stab.index)

.stab.indexstr
 *(.stab.indexstr)

.comment        0x00000000       0x30
 *(.comment)
 .comment       0x00000000       0x30 APP/main.o
                                 0x31 (size before relaxing)
 .comment       0x00000030       0x31 APP/SmartHome_V2/Home_Prog.o
 .comment       0x00000030       0x31 HAL/KeyPad/KeyPad_Prog.o
 .comment       0x00000030       0x31 HAL/LCD/LCD_Prog.o
 .comment       0x00000030       0x31 HAL/LED/LED_Config.o
 .comment       0x00000030       0x31 HAL/LED/LED_Prog.o
 .comment       0x00000030       0x31 MCAL/ADC/ADC_Prog.o
 .comment       0x00000030       0x31 MCAL/DIO/DIO_Prog.o
 .comment       0x00000030       0x31 MCAL/EXTI/EXTI_Prog.o
 .comment       0x00000030       0x31 MCAL/Timers/Timer0/Timer0_Porg.o
 .comment       0x00000030       0x31 MCAL/Timers/Timer1_PWM/PWM_Prog.o
 .comment       0x00000030       0x31 MCAL/Timers/Timer2/Timer2_Prog.o

.note.gnu.avr.deviceinfo
                0x00000000       0x3c
 .note.gnu.avr.deviceinfo
                0x00000000       0x3c C:/Program Files (x86)/Atmel/Studio/7.0/Packs/atmel/ATmega_DFP/1.7.374/gcc/dev/atmega32/avr5/crtatmega32.o

.note.gnu.build-id
 *(.note.gnu.build-id)

.debug
 *(.debug)

.line
 *(.line)

.debug_srcinfo
 *(.debug_srcinfo)

.debug_sfnames
 *(.debug_sfnames)

.debug_aranges  0x00000000      0x378
 *(.debug_aranges)
 .debug_aranges
                0x00000000       0x20 APP/main.o
 .debug_aranges
                0x00000020       0x90 APP/SmartHome_V2/Home_Prog.o
 .debug_aranges
                0x000000b0       0x28 HAL/KeyPad/KeyPad_Prog.o
 .debug_aranges
                0x000000d8       0x68 HAL/LCD/LCD_Prog.o
 .debug_aranges
                0x00000140       0x18 HAL/LED/LED_Config.o
 .debug_aranges
                0x00000158       0x38 HAL/LED/LED_Prog.o
 .debug_aranges
                0x00000190       0x78 MCAL/ADC/ADC_Prog.o
 .debug_aranges
                0x00000208       0x40 MCAL/DIO/DIO_Prog.o
 .debug_aranges
                0x00000248       0x70 MCAL/EXTI/EXTI_Prog.o
 .debug_aranges
                0x000002b8       0x58 MCAL/Timers/Timer0/Timer0_Porg.o
 .debug_aranges
                0x00000310       0x40 MCAL/Timers/Timer1_PWM/PWM_Prog.o
 .debug_aranges
                0x00000350       0x28 MCAL/Timers/Timer2/Timer2_Prog.o

.debug_pubnames
 *(.debug_pubnames)

.debug_info     0x00000000     0x41dc
 *(.debug_info .gnu.linkonce.wi.*)
 .debug_info    0x00000000      0x4e6 C:/Program Files (x86)/Atmel/Studio/7.0/Packs/atmel/ATmega_DFP/1.7.374/gcc/dev/atmega32/avr5/crtatmega32.o
 .debug_info    0x000004e6      0x13c APP/main.o
 .debug_info    0x00000622     0x1190 APP/SmartHome_V2/Home_Prog.o
 .debug_info    0x000017b2      0x574 HAL/KeyPad/KeyPad_Prog.o
 .debug_info    0x00001d26      0xd71 HAL/LCD/LCD_Prog.o
 .debug_info    0x00002a97       0xe0 HAL/LED/LED_Config.o
 .debug_info    0x00002b77      0x25b HAL/LED/LED_Prog.o
 .debug_info    0x00002dd2      0x3a1 MCAL/ADC/ADC_Prog.o
 .debug_info    0x00003173      0x268 MCAL/DIO/DIO_Prog.o
 .debug_info    0x000033db      0x41c MCAL/EXTI/EXTI_Prog.o
 .debug_info    0x000037f7      0x4ca MCAL/Timers/Timer0/Timer0_Porg.o
 .debug_info    0x00003cc1      0x39d MCAL/Timers/Timer1_PWM/PWM_Prog.o
 .debug_info    0x0000405e      0x17e MCAL/Timers/Timer2/Timer2_Prog.o

.debug_abbrev   0x00000000     0x142f
 *(.debug_abbrev)
 .debug_abbrev  0x00000000      0x4a3 C:/Program Files (x86)/Atmel/Studio/7.0/Packs/atmel/ATmega_DFP/1.7.374/gcc/dev/atmega32/avr5/crtatmega32.o
 .debug_abbrev  0x000004a3       0x81 APP/main.o
 .debug_abbrev  0x00000524      0x269 APP/SmartHome_V2/Home_Prog.o
 .debug_abbrev  0x0000078d      0x19d HAL/KeyPad/KeyPad_Prog.o
 .debug_abbrev  0x0000092a      0x275 HAL/LCD/LCD_Prog.o
 .debug_abbrev  0x00000b9f       0x67 HAL/LED/LED_Config.o
 .debug_abbrev  0x00000c06      0x109 HAL/LED/LED_Prog.o
 .debug_abbrev  0x00000d0f       0xdd MCAL/ADC/ADC_Prog.o
 .debug_abbrev  0x00000dec       0xb2 MCAL/DIO/DIO_Prog.o
 .debug_abbrev  0x00000e9e      0x16b MCAL/EXTI/EXTI_Prog.o
 .debug_abbrev  0x00001009      0x1cf MCAL/Timers/Timer0/Timer0_Porg.o
 .debug_abbrev  0x000011d8      0x177 MCAL/Timers/Timer1_PWM/PWM_Prog.o
 .debug_abbrev  0x0000134f       0xe0 MCAL/Timers/Timer2/Timer2_Prog.o

.debug_line     0x00000000     0x23e9
 *(.debug_line .debug_line.* .debug_line_end)
 .debug_line    0x00000000      0x116 C:/Program Files (x86)/Atmel/Studio/7.0/Packs/atmel/ATmega_DFP/1.7.374/gcc/dev/atmega32/avr5/crtatmega32.o
 .debug_line    0x00000116       0xac APP/main.o
 .debug_line    0x000001c2      0x8e5 APP/SmartHome_V2/Home_Prog.o
 .debug_line    0x00000aa7      0x300 HAL/KeyPad/KeyPad_Prog.o
 .debug_line    0x00000da7      0x5e5 HAL/LCD/LCD_Prog.o
 .debug_line    0x0000138c       0x68 HAL/LED/LED_Config.o
 .debug_line    0x000013f4      0x15f HAL/LED/LED_Prog.o
 .debug_line    0x00001553      0x2cb MCAL/ADC/ADC_Prog.o
 .debug_line    0x0000181e      0x3fb MCAL/DIO/DIO_Prog.o
 .debug_line    0x00001c19      0x2d3 MCAL/EXTI/EXTI_Prog.o
 .debug_line    0x00001eec      0x23e MCAL/Timers/Timer0/Timer0_Porg.o
 .debug_line    0x0000212a      0x1cf MCAL/Timers/Timer1_PWM/PWM_Prog.o
 .debug_line    0x000022f9       0xf0 MCAL/Timers/Timer2/Timer2_Prog.o

.debug_frame    0x00000000      0xa40
 *(.debug_frame)
 .debug_frame   0x00000000       0x24 APP/main.o
 .debug_frame   0x00000024      0x1c4 APP/SmartHome_V2/Home_Prog.o
 .debug_frame   0x000001e8       0x98 HAL/KeyPad/KeyPad_Prog.o
 .debug_frame   0x00000280      0x1b4 HAL/LCD/LCD_Prog.o
 .debug_frame   0x00000434       0x5c HAL/LED/LED_Prog.o
 .debug_frame   0x00000490      0x11c MCAL/ADC/ADC_Prog.o
 .debug_frame   0x000005ac       0x64 MCAL/DIO/DIO_Prog.o
 .debug_frame   0x00000610      0x1ac MCAL/EXTI/EXTI_Prog.o
 .debug_frame   0x000007bc      0x1c4 MCAL/Timers/Timer0/Timer0_Porg.o
 .debug_frame   0x00000980       0x8c MCAL/Timers/Timer1_PWM/PWM_Prog.o
 .debug_frame   0x00000a0c       0x34 MCAL/Timers/Timer2/Timer2_Prog.o

.debug_str      0x00000000     0x1329
 *(.debug_str)
 .debug_str     0x00000000      0x196 C:/Program Files (x86)/Atmel/Studio/7.0/Packs/atmel/ATmega_DFP/1.7.374/gcc/dev/atmega32/avr5/crtatmega32.o
 .debug_str     0x00000196      0x17d APP/main.o
                                0x1bd (size before relaxing)
 .debug_str     0x00000313      0x40c APP/SmartHome_V2/Home_Prog.o
                                0x59d (size before relaxing)
 .debug_str     0x0000071f      0x105 HAL/KeyPad/KeyPad_Prog.o
                                0x311 (size before relaxing)
 .debug_str     0x00000824      0x1df HAL/LCD/LCD_Prog.o
                                0x4a7 (size before relaxing)
 .debug_str     0x00000a03       0x4f HAL/LED/LED_Config.o
                                0x1c3 (size before relaxing)
 .debug_str     0x00000a52       0x3c HAL/LED/LED_Prog.o
                                0x288 (size before relaxing)
 .debug_str     0x00000a8e      0x2b5 MCAL/ADC/ADC_Prog.o
                                0x46e (size before relaxing)
 .debug_str     0x00000d43       0x73 MCAL/DIO/DIO_Prog.o
                                0x26d (size before relaxing)
 .debug_str     0x00000db6      0x19d MCAL/EXTI/EXTI_Prog.o
                                0x369 (size before relaxing)
 .debug_str     0x00000f53      0x24a MCAL/Timers/Timer0/Timer0_Porg.o
                                0x46a (size before relaxing)
 .debug_str     0x0000119d      0x157 MCAL/Timers/Timer1_PWM/PWM_Prog.o
                                0x376 (size before relaxing)
 .debug_str     0x000012f4       0x35 MCAL/Timers/Timer2/Timer2_Prog.o
                                0x23c (size before relaxing)

.debug_loc      0x00000000     0x290c
 *(.debug_loc)
 .debug_loc     0x00000000      0x587 APP/SmartHome_V2/Home_Prog.o
 .debug_loc     0x00000587      0x2c5 HAL/KeyPad/KeyPad_Prog.o
 .debug_loc     0x0000084c      0xa9f HAL/LCD/LCD_Prog.o
 .debug_loc     0x000012eb      0x1bb HAL/LED/LED_Prog.o
 .debug_loc     0x000014a6      0x1bb MCAL/ADC/ADC_Prog.o
 .debug_loc     0x00001661      0x55a MCAL/DIO/DIO_Prog.o
 .debug_loc     0x00001bbb      0x543 MCAL/EXTI/EXTI_Prog.o
 .debug_loc     0x000020fe      0x598 MCAL/Timers/Timer0/Timer0_Porg.o
 .debug_loc     0x00002696      0x235 MCAL/Timers/Timer1_PWM/PWM_Prog.o
 .debug_loc     0x000028cb       0x41 MCAL/Timers/Timer2/Timer2_Prog.o

.debug_macinfo
 *(.debug_macinfo)

.debug_weaknames
 *(.debug_weaknames)

.debug_funcnames
 *(.debug_funcnames)

.debug_typenames
 *(.debug_typenames)

.debug_varnames
 *(.debug_varnames)

.debug_pubtypes
 *(.debug_pubtypes)

.debug_ranges   0x00000000      0x340
 *(.debug_ranges)
 .debug_ranges  0x00000000       0x10 APP/main.o
 .debug_ranges  0x00000010       0x98 APP/SmartHome_V2/Home_Prog.o
 .debug_ranges  0x000000a8       0x48 HAL/KeyPad/KeyPad_Prog.o
 .debug_ranges  0x000000f0       0x88 HAL/LCD/LCD_Prog.o
 .debug_ranges  0x00000178       0x28 HAL/LED/LED_Prog.o
 .debug_ranges  0x000001a0       0x68 MCAL/ADC/ADC_Prog.o
 .debug_ranges  0x00000208       0x30 MCAL/DIO/DIO_Prog.o
 .debug_ranges  0x00000238       0x60 MCAL/EXTI/EXTI_Prog.o
 .debug_ranges  0x00000298       0x48 MCAL/Timers/Timer0/Timer0_Porg.o
 .debug_ranges  0x000002e0       0x48 MCAL/Timers/Timer1_PWM/PWM_Prog.o
 .debug_ranges  0x00000328       0x18 MCAL/Timers/Timer2/Timer2_Prog.o

.debug_macro
 *(.debug_macro)
OUTPUT(ATmega_Software_Architecture.elf elf32-avr)
LOAD linker stubs
